=== Task 'cbsc-approved-profile-8003b96bd-02' started at 2026-09-06T03:28:20+08:00 ===
{
  "assessed_at": "2026-09-05T19:28:20.319438Z",
  "available_physical_bytes": 15426654208,
  "captured_at": "2026-09-05T19:28:20.319146Z",
  "cgroup_headroom_bytes": null,
  "cgroup_memory_current_bytes": null,
  "cgroup_memory_max_bytes": null,
  "effective_available_bytes": 15426654208,
  "effective_floor_pass": true,
  "failure_reasons": [],
  "measurement_source": "/proc/meminfo",
  "minimum_available_bytes": 4294967296,
  "passed": true,
  "physical_floor_pass": true,
  "schema_version": 1
}
Fatal Python error: Segmentation fault

Current thread 0x000073550ee18740 (most recent call first):
  File "/home/wu/.local/share/uv/python/cpython-3.10-linux-x86_64-gnu/lib/python3.10/json/encoder.py", line 247 in iterencode
  File "/home/wu/.local/share/uv/python/cpython-3.10-linux-x86_64-gnu/lib/python3.10/json/encoder.py", line 199 in encode
  File "/home/wu/.local/share/uv/python/cpython-3.10-linux-x86_64-gnu/lib/python3.10/json/__init__.py", line 238 in dumps
  File "/home/wu/hmasd-worktrees/cbsc-approved-repair-8003b96bd-20260905/experiments/candidates/capability_bound_semantic_currentness/omrc_b01/addressing.py", line 96 in canonical_json
  File "/home/wu/hmasd-worktrees/cbsc-approved-repair-8003b96bd-20260905/experiments/candidates/capability_bound_semantic_currentness/omrc_b01/addressing.py", line 294 in audit_digest
  File "/home/wu/hmasd-worktrees/cbsc-approved-repair-8003b96bd-20260905/experiments/candidates/capability_bound_semantic_currentness/omrc_b01/host.py", line 527 in _finish
  File "/home/wu/hmasd-worktrees/cbsc-approved-repair-8003b96bd-20260905/experiments/candidates/capability_bound_semantic_currentness/omrc_b01/host.py", line 595 in build_stochastic
  File "/home/wu/hmasd-worktrees/cbsc-approved-repair-8003b96bd-20260905/experiments/candidates/capability_bound_semantic_currentness/omrc_b01/b1_shared_tables.py", line 109 in _validated_tapes
  File "/home/wu/hmasd-worktrees/cbsc-approved-repair-8003b96bd-20260905/experiments/candidates/capability_bound_semantic_currentness/omrc_b01/b1_shared_tables.py", line 577 in build_b1_shared_truth_tables
  File "/home/wu/hmasd-worktrees/cbsc-approved-repair-8003b96bd-20260905/experiments/candidates/capability_bound_semantic_currentness/omrc_b01/b1_metrics_rehydrate.py", line 397 in rehydrate_b1_metrics
  File "/home/wu/hmasd-worktrees/cbsc-approved-repair-8003b96bd-20260905/experiments/candidates/capability_bound_semantic_currentness/omrc_b01/b1_metrics_production.py", line 1677 in _assemble_and_publish_b1_metrics
  File "/home/wu/hmasd-worktrees/cbsc-approved-repair-8003b96bd-20260905/tests/experiments/candidates/capability_bound_semantic_currentness_omrc_b01/test_b1_formal_path_repairs.py", line 331 in test_r05_complete_formal_publication_preserves_original_receipts
  File "/home/wu/.venvs/hmasd/lib/python3.10/site-packages/_pytest/python.py", line 192 in pytest_pyfunc_call
  File "/home/wu/.venvs/hmasd/lib/python3.10/site-packages/pluggy/_callers.py", line 121 in _multicall
  File "/home/wu/.venvs/hmasd/lib/python3.10/site-packages/pluggy/_manager.py", line 120 in _hookexec
  File "/home/wu/.venvs/hmasd/lib/python3.10/site-packages/pluggy/_hooks.py", line 512 in __call__
  File "/home/wu/.venvs/hmasd/lib/python3.10/site-packages/_pytest/python.py", line 1718 in runtest
  File "/home/wu/.venvs/hmasd/lib/python3.10/site-packages/_pytest/runner.py", line 168 in pytest_runtest_call
  File "/home/wu/.venvs/hmasd/lib/python3.10/site-packages/pluggy/_callers.py", line 121 in _multicall
  File "/home/wu/.venvs/hmasd/lib/python3.10/site-packages/pluggy/_manager.py", line 120 in _hookexec
  File "/home/wu/.venvs/hmasd/lib/python3.10/site-packages/pluggy/_hooks.py", line 512 in __call__
  File "/home/wu/.venvs/hmasd/lib/python3.10/site-packages/_pytest/runner.py", line 261 in <lambda>
  File "/home/wu/.venvs/hmasd/lib/python3.10/site-packages/_pytest/runner.py", line 340 in from_call
  File "/home/wu/.venvs/hmasd/lib/python3.10/site-packages/_pytest/runner.py", line 260 in call_runtest_hook
  File "/home/wu/.venvs/hmasd/lib/python3.10/site-packages/_pytest/runner.py", line 221 in call_and_report
  File "/home/wu/.venvs/hmasd/lib/python3.10/site-packages/_pytest/runner.py", line 132 in runtestprotocol
  File "/home/wu/.venvs/hmasd/lib/python3.10/site-packages/_pytest/runner.py", line 113 in pytest_runtest_protocol
  File "/home/wu/.venvs/hmasd/lib/python3.10/site-packages/pluggy/_callers.py", line 121 in _multicall
  File "/home/wu/.venvs/hmasd/lib/python3.10/site-packages/pluggy/_manager.py", line 120 in _hookexec
  File "/home/wu/.venvs/hmasd/lib/python3.10/site-packages/pluggy/_hooks.py", line 512 in __call__
  File "/home/wu/.venvs/hmasd/lib/python3.10/site-packages/_pytest/main.py", line 347 in pytest_runtestloop
  File "/home/wu/.venvs/hmasd/lib/python3.10/site-packages/pluggy/_callers.py", line 121 in _multicall
  File "/home/wu/.venvs/hmasd/lib/python3.10/site-packages/pluggy/_manager.py", line 120 in _hookexec
  File "/home/wu/.venvs/hmasd/lib/python3.10/site-packages/pluggy/_hooks.py", line 512 in __call__
  File "/home/wu/.venvs/hmasd/lib/python3.10/site-packages/_pytest/main.py", line 322 in _main
  File "/home/wu/.venvs/hmasd/lib/python3.10/site-packages/_pytest/main.py", line 268 in wrap_session
  File "/home/wu/.venvs/hmasd/lib/python3.10/site-packages/_pytest/main.py", line 315 in pytest_cmdline_main
  File "/home/wu/.venvs/hmasd/lib/python3.10/site-packages/pluggy/_callers.py", line 121 in _multicall
  File "/home/wu/.venvs/hmasd/lib/python3.10/site-packages/pluggy/_manager.py", line 120 in _hookexec
  File "/home/wu/.venvs/hmasd/lib/python3.10/site-packages/pluggy/_hooks.py", line 512 in __call__
  File "/home/wu/.venvs/hmasd/lib/python3.10/site-packages/_pytest/config/__init__.py", line 165 in main
  File "/home/wu/.venvs/hmasd/lib/python3.10/site-packages/_pytest/config/__init__.py", line 188 in console_main
  File "/home/wu/.venvs/hmasd/lib/python3.10/site-packages/pytest/__main__.py", line 5 in <module>
  File "/home/wu/.local/share/uv/python/cpython-3.10-linux-x86_64-gnu/lib/python3.10/runpy.py", line 86 in _run_code
  File "/home/wu/.local/share/uv/python/cpython-3.10-linux-x86_64-gnu/lib/python3.10/runpy.py", line 196 in _run_module_as_main

Extension modules: numpy.core._multiarray_umath, numpy.core._multiarray_tests, numpy.linalg._umath_linalg, numpy.fft._pocketfft_internal, numpy.random._common, numpy.random.bit_generator, numpy.random._bounded_integers, numpy.random._mt19937, numpy.random.mtrand, numpy.random._philox, numpy.random._pcg64, numpy.random._sfc64, numpy.random._generator, torch._C, torch._C._dynamo.autograd_compiler, torch._C._dynamo.eval_frame, torch._C._dynamo.guards, torch._C._dynamo.utils, torch._C._fft, torch._C._linalg, torch._C._nested, torch._C._nn, torch._C._sparse, torch._C._special (total: 24)
timeout: the monitored command dumped core
=== Task 'cbsc-approved-profile-8003b96bd-02' exited with code 139 at 2026-09-06T03:29:11+08:00 (Duration: 51s) ===
