=== Task 'vnfc_b01_formal_33e08f440_20260905_02' started at 2026-09-06T08:12:03+08:00 ===
{
  "assessed_at": "2026-09-06T00:12:03.324603Z",
  "available_physical_bytes": 15294115840,
  "captured_at": "2026-09-06T00:12:03.324069Z",
  "cgroup_headroom_bytes": null,
  "cgroup_memory_current_bytes": null,
  "cgroup_memory_max_bytes": null,
  "effective_available_bytes": 15294115840,
  "effective_floor_pass": true,
  "failure_reasons": [],
  "measurement_source": "/proc/meminfo",
  "minimum_available_bytes": 4294967296,
  "passed": true,
  "physical_floor_pass": true,
  "schema_version": 1
}
{"arm": "MAPR", "round": 1, "actual_transitions": 192, "optimizer_steps": 32, "parameters": {"count": 89090, "norm": 33.37912531531826, "max_abs": 1.0320256155795837, "rms": 0.11183055301413722, "displacement_norm": 1.238721479703965, "relative_displacement": 0.037180235810983696}}
{"arm": "DIRECT", "round": 1, "actual_transitions": 192, "optimizer_steps": 32, "parameters": {"count": 148739, "norm": 38.688921342394416, "max_abs": 1.0350614484665643, "rms": 0.10031692076307361, "displacement_norm": 1.1466528605032864, "relative_displacement": 0.02966583869707803, "residual_parameter_norm": 19.614376668208834, "residual_output_parameter_norm": 0.02634843741942213}}
{"arm": "MAPR", "round": 2, "actual_transitions": 192, "optimizer_steps": 32, "parameters": {"count": 89090, "norm": 33.50292535790168, "max_abs": 1.0265935675341142, "rms": 0.11224532203802544, "displacement_norm": 2.417960414562793, "relative_displacement": 0.0725751025295479}}
{"arm": "DIRECT", "round": 2, "actual_transitions": 192, "optimizer_steps": 32, "parameters": {"count": 148739, "norm": 38.86492978748858, "max_abs": 1.0448625983761972, "rms": 0.10077329495567212, "displacement_norm": 2.9327244773173486, "relative_displacement": 0.07587451641544096, "residual_parameter_norm": 19.77222009418922, "residual_output_parameter_norm": 0.08824586517868341}}
{"arm": "MAPR", "round": 3, "actual_transitions": 192, "optimizer_steps": 32, "parameters": {"count": 89090, "norm": 33.58410353133014, "max_abs": 1.02544155379687, "rms": 0.1125172944142164, "displacement_norm": 2.9829078391086097, "relative_displacement": 0.08953200431060139}}
{"arm": "DIRECT", "round": 3, "actual_transitions": 192, "optimizer_steps": 32, "parameters": {"count": 148739, "norm": 38.940351647565265, "max_abs": 1.0478983427151578, "rms": 0.10096885710883109, "displacement_norm": 3.580364185178466, "relative_displacement": 0.09263004528474306, "residual_parameter_norm": 19.842657702554316, "residual_output_parameter_norm": 0.10736707573020388}}
{"arm": "MAPR", "round": 4, "actual_transitions": 192, "optimizer_steps": 32, "parameters": {"count": 89090, "norm": 33.69131444744661, "max_abs": 1.0303610912842593, "rms": 0.11287648465437988, "displacement_norm": 3.6415356193607136, "relative_displacement": 0.10930072276964532}}
{"arm": "DIRECT", "round": 4, "actual_transitions": 192, "optimizer_steps": 32, "parameters": {"count": 148739, "norm": 39.00571944090162, "max_abs": 1.0500249722245985, "rms": 0.10113834996407374, "displacement_norm": 4.040258791796568, "relative_displacement": 0.10452829251154591, "residual_parameter_norm": 19.895042807457504, "residual_output_parameter_norm": 0.1191702310245138}}
{"arm": "MAPR", "round": 5, "actual_transitions": 192, "optimizer_steps": 32, "parameters": {"count": 89090, "norm": 33.732202836392844, "max_abs": 1.0351087444813505, "rms": 0.11301347359895286, "displacement_norm": 3.865735561705811, "relative_displacement": 0.11603008595723759}}
{"arm": "DIRECT", "round": 5, "actual_transitions": 192, "optimizer_steps": 32, "parameters": {"count": 148739, "norm": 39.051349145728246, "max_abs": 1.050577290125021, "rms": 0.10125666371707358, "displacement_norm": 4.330082281252631, "relative_displacement": 0.11202651379976918, "residual_parameter_norm": 19.93781225515257, "residual_output_parameter_norm": 0.1279200294089164}}
{"arm": "MAPR", "round": 6, "actual_transitions": 192, "optimizer_steps": 32, "parameters": {"count": 89090, "norm": 33.77655544657461, "max_abs": 1.0363729559471664, "rms": 0.11316206877265476, "displacement_norm": 4.1199299826520415, "relative_displacement": 0.12365973367665546}}
{"arm": "DIRECT", "round": 6, "actual_transitions": 192, "optimizer_steps": 32, "parameters": {"count": 148739, "norm": 39.134168517133254, "max_abs": 1.0529345771936087, "rms": 0.10147140695701448, "displacement_norm": 4.765079108868046, "relative_displacement": 0.12328061359429245, "residual_parameter_norm": 20.008572785455588, "residual_output_parameter_norm": 0.1451829645916523}}
{"arm": "MAPR", "round": 7, "actual_transitions": 192, "optimizer_steps": 32, "parameters": {"count": 89090, "norm": 33.839369713191665, "max_abs": 1.038078636217072, "rms": 0.11337251629357106, "displacement_norm": 4.428796321127876, "relative_displacement": 0.1329303594684606}}
{"arm": "DIRECT", "round": 7, "actual_transitions": 192, "optimizer_steps": 32, "parameters": {"count": 148739, "norm": 39.171663072693676, "max_abs": 1.0535177663249464, "rms": 0.10156862699388015, "displacement_norm": 4.982964858251864, "relative_displacement": 0.1289176845145841, "residual_parameter_norm": 20.04034222259689, "residual_output_parameter_norm": 0.15262314691157575}}
{"arm": "MAPR", "round": 8, "actual_transitions": 192, "optimizer_steps": 32, "parameters": {"count": 89090, "norm": 33.857854936242084, "max_abs": 1.038394809363308, "rms": 0.11343444759634756, "displacement_norm": 4.538680439412256, "relative_displacement": 0.13622853221886103}}
{"arm": "DIRECT", "round": 8, "actual_transitions": 192, "optimizer_steps": 32, "parameters": {"count": 148739, "norm": 39.23227277278061, "max_abs": 1.0562796747907373, "rms": 0.10172578253789975, "displacement_norm": 5.311652155012587, "relative_displacement": 0.1374213778845221, "residual_parameter_norm": 20.092336417949138, "residual_output_parameter_norm": 0.16549073404324574}}
{"arm": "MAPR", "round": 9, "actual_transitions": 192, "optimizer_steps": 32, "parameters": {"count": 89090, "norm": 33.900776835539, "max_abs": 1.04136967507726, "rms": 0.11357824943924932, "displacement_norm": 4.771046625364378, "relative_displacement": 0.14320300527818303}}
{"arm": "DIRECT", "round": 9, "actual_transitions": 192, "optimizer_steps": 32, "parameters": {"count": 148739, "norm": 39.271322138932675, "max_abs": 1.0576831495811738, "rms": 0.10182703405989119, "displacement_norm": 5.484496606675626, "relative_displacement": 0.14189315465266275, "residual_parameter_norm": 20.116296854597838, "residual_output_parameter_norm": 0.17052968039545124}}
{"arm": "MAPR", "round": 10, "actual_transitions": 192, "optimizer_steps": 32, "parameters": {"count": 89090, "norm": 33.94209963371241, "max_abs": 1.0423786924662992, "rms": 0.11371669379116597, "displacement_norm": 4.970286551211113, "relative_displacement": 0.14918319335703578}}
{"arm": "DIRECT", "round": 10, "actual_transitions": 192, "optimizer_steps": 32, "parameters": {"count": 148739, "norm": 39.31593568477246, "max_abs": 1.059782700459088, "rms": 0.10194271300331176, "displacement_norm": 5.708897852100123, "relative_displacement": 0.1476987924175785, "residual_parameter_norm": 20.164493057822188, "residual_output_parameter_norm": 0.1830907133884257}}
{"arm": "MAPR", "round": 11, "actual_transitions": 192, "optimizer_steps": 32, "parameters": {"count": 89090, "norm": 33.98106183900605, "max_abs": 1.040063235948294, "rms": 0.1138472294155563, "displacement_norm": 5.181281997373229, "relative_displacement": 0.15551622347872704}}
{"arm": "DIRECT", "round": 11, "actual_transitions": 192, "optimizer_steps": 32, "parameters": {"count": 148739, "norm": 39.33857093958328, "max_abs": 1.0600721245630376, "rms": 0.10200140419925421, "displacement_norm": 5.821374170135218, "relative_displacement": 0.15060874400188434, "residual_parameter_norm": 20.19016932574367, "residual_output_parameter_norm": 0.18801127705602258}}
{"arm": "MAPR", "round": 12, "actual_transitions": 192, "optimizer_steps": 32, "parameters": {"count": 89090, "norm": 34.05516825202578, "max_abs": 1.04060442029199, "rms": 0.11409550917338707, "displacement_norm": 5.518694848866983, "relative_displacement": 0.16564367310298986}}
{"arm": "DIRECT", "round": 12, "actual_transitions": 192, "optimizer_steps": 32, "parameters": {"count": 148739, "norm": 39.37421231083128, "max_abs": 1.0598135968962494, "rms": 0.10209381909456057, "displacement_norm": 5.989506206703118, "relative_displacement": 0.15495860266307088, "residual_parameter_norm": 20.21596448766888, "residual_output_parameter_norm": 0.19817701533313947}}
{"arm": "MAPR", "round": 13, "actual_transitions": 192, "optimizer_steps": 32, "parameters": {"count": 89090, "norm": 34.10539766132306, "max_abs": 1.040504077296916, "rms": 0.11426379346982161, "displacement_norm": 5.749138624546882, "relative_displacement": 0.17256044500154424}}
{"arm": "DIRECT", "round": 13, "actual_transitions": 192, "optimizer_steps": 32, "parameters": {"count": 148739, "norm": 39.42062033913882, "max_abs": 1.0603114250066228, "rms": 0.10221415097089531, "displacement_norm": 6.1982794802025785, "relative_displacement": 0.16035991850087164, "residual_parameter_norm": 20.263941358846573, "residual_output_parameter_norm": 0.21238991642631744}}
{"arm": "MAPR", "round": 14, "actual_transitions": 192, "optimizer_steps": 32, "parameters": {"count": 89090, "norm": 34.15526809269462, "max_abs": 1.041083499640453, "rms": 0.11443087507746266, "displacement_norm": 5.973322873390809, "relative_displacement": 0.1792893371485646}}
{"arm": "DIRECT", "round": 14, "actual_transitions": 192, "optimizer_steps": 32, "parameters": {"count": 148739, "norm": 39.47854062913897, "max_abs": 1.06043028766626, "rms": 0.10236433311454046, "displacement_norm": 6.455418253912981, "relative_displacement": 0.16701253120207668, "residual_parameter_norm": 20.311049143798332, "residual_output_parameter_norm": 0.22835033413254718}}
{"arm": "MAPR", "round": 15, "actual_transitions": 192, "optimizer_steps": 32, "parameters": {"count": 89090, "norm": 34.169446059182604, "max_abs": 1.0437069721415542, "rms": 0.11447837571799739, "displacement_norm": 6.0340888824516865, "relative_displacement": 0.1811132294304}}
{"arm": "DIRECT", "round": 15, "actual_transitions": 192, "optimizer_steps": 32, "parameters": {"count": 148739, "norm": 39.505096689146924, "max_abs": 1.0614621169676504, "rms": 0.10243319060849904, "displacement_norm": 6.573224739174112, "relative_displacement": 0.17006038318030525, "residual_parameter_norm": 20.333793982654388, "residual_output_parameter_norm": 0.238251249453216}}
{"arm": "MAPR", "round": 16, "actual_transitions": 192, "optimizer_steps": 32, "parameters": {"count": 89090, "norm": 34.22167295626244, "max_abs": 1.0432711274498603, "rms": 0.11465335222584405, "displacement_norm": 6.262236518703069, "relative_displacement": 0.18796108268436323}}
{"arm": "DIRECT", "round": 16, "actual_transitions": 192, "optimizer_steps": 32, "parameters": {"count": 148739, "norm": 39.56308966657716, "max_abs": 1.0635233141041498, "rms": 0.10258356122416439, "displacement_norm": 6.829949253471584, "relative_displacement": 0.17670227829352353, "residual_parameter_norm": 20.385967854675492, "residual_output_parameter_norm": 0.25892240587812754}}
{"arm": "MAPR", "round": 17, "actual_transitions": 192, "optimizer_steps": 32, "parameters": {"count": 89090, "norm": 34.26666715905238, "max_abs": 1.0420748424067372, "rms": 0.114804096936285, "displacement_norm": 6.447186666445274, "relative_displacement": 0.19351236295115481}}
{"arm": "DIRECT", "round": 17, "actual_transitions": 192, "optimizer_steps": 32, "parameters": {"count": 148739, "norm": 39.56939211799125, "max_abs": 1.0633404245288303, "rms": 0.10259990291830273, "displacement_norm": 6.869623425221504, "relative_displacement": 0.17772871586684166, "residual_parameter_norm": 20.393191297319607, "residual_output_parameter_norm": 0.25958918445576473}}
{"arm": "MAPR", "round": 18, "actual_transitions": 192, "optimizer_steps": 32, "parameters": {"count": 89090, "norm": 34.26817534710242, "max_abs": 1.0412586530090964, "rms": 0.11480914983992137, "displacement_norm": 6.460826900200138, "relative_displacement": 0.19392177468400373}}
{"arm": "DIRECT", "round": 18, "actual_transitions": 192, "optimizer_steps": 32, "parameters": {"count": 148739, "norm": 39.59223760731115, "max_abs": 1.06320245708425, "rms": 0.10265913923356765, "displacement_norm": 6.975575263463036, "relative_displacement": 0.18046986818172153, "residual_parameter_norm": 20.40655774703739, "residual_output_parameter_norm": 0.263402903499837}}
{"arm": "MAPR", "round": 19, "actual_transitions": 192, "optimizer_steps": 32, "parameters": {"count": 89090, "norm": 34.31523784196072, "max_abs": 1.0422095651224572, "rms": 0.11496682397836903, "displacement_norm": 6.663700743632802, "relative_displacement": 0.2000110348302875}}
{"arm": "DIRECT", "round": 19, "actual_transitions": 192, "optimizer_steps": 32, "parameters": {"count": 148739, "norm": 39.5927610871279, "max_abs": 1.0634395094844995, "rms": 0.1026604965700215, "displacement_norm": 6.989938916636671, "relative_displacement": 0.1808414800555739, "residual_parameter_norm": 20.411867853986177, "residual_output_parameter_norm": 0.26139805319473286}}
{"arm": "MAPR", "round": 20, "actual_transitions": 192, "optimizer_steps": 32, "parameters": {"count": 89090, "norm": 34.34228607142187, "max_abs": 1.043061034283569, "rms": 0.11505744404196024, "displacement_norm": 6.764965987015964, "relative_displacement": 0.20305051197679053}}
{"arm": "DIRECT", "round": 20, "actual_transitions": 192, "optimizer_steps": 32, "parameters": {"count": 148739, "norm": 39.60642844001057, "max_abs": 1.063092767725781, "rms": 0.1026959347964853, "displacement_norm": 7.053099554787961, "relative_displacement": 0.18247555202970064, "residual_parameter_norm": 20.422027723476564, "residual_output_parameter_norm": 0.26214160235767875}}
{"arm": "MAPR", "round": 21, "actual_transitions": 192, "optimizer_steps": 32, "parameters": {"count": 89090, "norm": 34.35463174101987, "max_abs": 1.042808121359305, "rms": 0.11509880591245363, "displacement_norm": 6.828751682137784, "relative_displacement": 0.20496504016157954}}
{"arm": "DIRECT", "round": 21, "actual_transitions": 192, "optimizer_steps": 32, "parameters": {"count": 148739, "norm": 39.612674752738734, "max_abs": 1.062374298384902, "rms": 0.1027121309280204, "displacement_norm": 7.0926663530539455, "relative_displacement": 0.18349921167033795, "residual_parameter_norm": 20.429736251073386, "residual_output_parameter_norm": 0.261612582884203}}
{"arm": "MAPR", "round": 22, "actual_transitions": 192, "optimizer_steps": 32, "parameters": {"count": 89090, "norm": 34.41162063835781, "max_abs": 1.0444944889592676, "rms": 0.11528973661674152, "displacement_norm": 7.0618595309173475, "relative_displacement": 0.21196177423701237}}
{"arm": "DIRECT", "round": 22, "actual_transitions": 192, "optimizer_steps": 32, "parameters": {"count": 148739, "norm": 39.63146566887799, "max_abs": 1.0624247935597189, "rms": 0.10276085409682434, "displacement_norm": 7.187629686566446, "relative_displacement": 0.1859560728801745, "residual_parameter_norm": 20.44379232239652, "residual_output_parameter_norm": 0.260497700014772}}
{"arm": "MAPR", "round": 23, "actual_transitions": 192, "optimizer_steps": 32, "parameters": {"count": 89090, "norm": 34.46166673309809, "max_abs": 1.0450565461968475, "rms": 0.11545740675183744, "displacement_norm": 7.2591236710350735, "relative_displacement": 0.21788265909030544}}
{"arm": "DIRECT", "round": 23, "actual_transitions": 192, "optimizer_steps": 32, "parameters": {"count": 148739, "norm": 39.64369774490217, "max_abs": 1.0618155300348926, "rms": 0.10279257077846624, "displacement_norm": 7.242118644206147, "relative_displacement": 0.1873657938897238, "residual_parameter_norm": 20.452051729865975, "residual_output_parameter_norm": 0.26051675784209954}}
{"arm": "MAPR", "round": 24, "actual_transitions": 192, "optimizer_steps": 32, "parameters": {"count": 89090, "norm": 34.47986873791089, "max_abs": 1.0429245896953414, "rms": 0.11551838918456905, "displacement_norm": 7.319077029812743, "relative_displacement": 0.21968215966693788}}
{"arm": "DIRECT", "round": 24, "actual_transitions": 192, "optimizer_steps": 32, "parameters": {"count": 148739, "norm": 39.651908899707976, "max_abs": 1.0616433264632372, "rms": 0.10281386157018249, "displacement_norm": 7.270337679029897, "relative_displacement": 0.18809586779796938, "residual_parameter_norm": 20.460038402288863, "residual_output_parameter_norm": 0.26263712064227607}}
{"arm": "MAPR", "round": 25, "actual_transitions": 192, "optimizer_steps": 32, "parameters": {"count": 89090, "norm": 34.51426871663531, "max_abs": 1.0437029700969453, "rms": 0.11563363991711778, "displacement_norm": 7.4474004610281535, "relative_displacement": 0.22353378855271752}}
{"arm": "DIRECT", "round": 25, "actual_transitions": 192, "optimizer_steps": 32, "parameters": {"count": 148739, "norm": 39.68028326200778, "max_abs": 1.061502922446861, "rms": 0.10288743375973364, "displacement_norm": 7.376388456142427, "relative_displacement": 0.1908395798279025, "residual_parameter_norm": 20.47549350243294, "residual_output_parameter_norm": 0.2695197623136487}}
{"arm": "MAPR", "round": 26, "actual_transitions": 192, "optimizer_steps": 32, "parameters": {"count": 89090, "norm": 34.51970451438161, "max_abs": 1.0441430746129716, "rms": 0.11565185154676054, "displacement_norm": 7.486508256080745, "relative_displacement": 0.22470760935580109}}
{"arm": "DIRECT", "round": 26, "actual_transitions": 192, "optimizer_steps": 32, "parameters": {"count": 148739, "norm": 39.68718587944666, "max_abs": 1.061514581434077, "rms": 0.10290533163082045, "displacement_norm": 7.4053162337205265, "relative_displacement": 0.19158799010363337, "residual_parameter_norm": 20.476128553211197, "residual_output_parameter_norm": 0.2711772297884905}}
{"arm": "MAPR", "round": 27, "actual_transitions": 192, "optimizer_steps": 32, "parameters": {"count": 89090, "norm": 34.53351025091109, "max_abs": 1.0429428201537276, "rms": 0.11569810510003, "displacement_norm": 7.532312546718489, "relative_displacement": 0.22608242553116373}}
{"arm": "DIRECT", "round": 27, "actual_transitions": 192, "optimizer_steps": 32, "parameters": {"count": 148739, "norm": 39.71743665827235, "max_abs": 1.0626392873173163, "rms": 0.1029837692009874, "displacement_norm": 7.533067736204449, "relative_displacement": 0.1948931364094944, "residual_parameter_norm": 20.504459110020786, "residual_output_parameter_norm": 0.28290844691975536}}
{"arm": "MAPR", "round": 28, "actual_transitions": 192, "optimizer_steps": 32, "parameters": {"count": 89090, "norm": 34.5504348200718, "max_abs": 1.042236581631449, "rms": 0.11575480772212954, "displacement_norm": 7.592437436568652, "relative_displacement": 0.22788707461440455}}
{"arm": "DIRECT", "round": 28, "actual_transitions": 192, "optimizer_steps": 32, "parameters": {"count": 148739, "norm": 39.72830838028814, "max_abs": 1.0630874382328919, "rms": 0.10301195860607225, "displacement_norm": 7.57977838280289, "relative_displacement": 0.1961016194257207, "residual_parameter_norm": 20.512317008756828, "residual_output_parameter_norm": 0.2807620749248911}}
{"arm": "MAPR", "round": 29, "actual_transitions": 192, "optimizer_steps": 32, "parameters": {"count": 89090, "norm": 34.576965660555715, "max_abs": 1.0406796498092845, "rms": 0.11584369437015336, "displacement_norm": 7.705263700806115, "relative_displacement": 0.23127355590075774}}
{"arm": "DIRECT", "round": 29, "actual_transitions": 192, "optimizer_steps": 32, "parameters": {"count": 148739, "norm": 39.76102419199745, "max_abs": 1.064626615665171, "rms": 0.10309678778654739, "displacement_norm": 7.703405144348465, "relative_displacement": 0.19930005174380122, "residual_parameter_norm": 20.55230345873294, "residual_output_parameter_norm": 0.2914324808529672}}
{"arm": "MAPR", "round": 30, "actual_transitions": 192, "optimizer_steps": 32, "parameters": {"count": 89090, "norm": 34.581816504419706, "max_abs": 1.0405188473294817, "rms": 0.11585994622057698, "displacement_norm": 7.714645449988546, "relative_displacement": 0.23155514918273237}}
{"arm": "DIRECT", "round": 30, "actual_transitions": 192, "optimizer_steps": 32, "parameters": {"count": 148739, "norm": 39.783640595781065, "max_abs": 1.063947968392182, "rms": 0.10315543010345843, "displacement_norm": 7.787671186070832, "relative_displacement": 0.20148015601727748, "residual_parameter_norm": 20.572221640659833, "residual_output_parameter_norm": 0.2977878842941029}}
{"arm": "MAPR", "round": 31, "actual_transitions": 192, "optimizer_steps": 32, "parameters": {"count": 89090, "norm": 34.60477032737571, "max_abs": 1.0402320039370432, "rms": 0.11593684873646708, "displacement_norm": 7.784491496929964, "relative_displacement": 0.2336515788792349}}
{"arm": "DIRECT", "round": 31, "actual_transitions": 192, "optimizer_steps": 32, "parameters": {"count": 148739, "norm": 39.821869930593394, "max_abs": 1.0647733540402378, "rms": 0.10325455535735871, "displacement_norm": 7.922352550324905, "relative_displacement": 0.20496458950633714, "residual_parameter_norm": 20.608573855561996, "residual_output_parameter_norm": 0.30906842277281854}}
{"arm": "MAPR", "round": 32, "actual_transitions": 192, "optimizer_steps": 32, "parameters": {"count": 89090, "norm": 34.62822902216674, "max_abs": 1.041918481260258, "rms": 0.11601544273156697, "displacement_norm": 7.865850725305588, "relative_displacement": 0.2360935768149842}}
{"arm": "DIRECT", "round": 32, "actual_transitions": 192, "optimizer_steps": 32, "parameters": {"count": 148739, "norm": 39.848136342534524, "max_abs": 1.065075884749061, "rms": 0.10332266181972578, "displacement_norm": 8.033928634954364, "relative_displacement": 0.20785125053783388, "residual_parameter_norm": 20.63341714700154, "residual_output_parameter_norm": 0.31410433164787793}}
{"arm": "MAPR", "round": 33, "actual_transitions": 192, "optimizer_steps": 32, "parameters": {"count": 89090, "norm": 34.63611863189045, "max_abs": 1.041516012782571, "rms": 0.11604187540198996, "displacement_norm": 7.902814818515453, "relative_displacement": 0.23720305438891826}}
{"arm": "DIRECT", "round": 33, "actual_transitions": 192, "optimizer_steps": 32, "parameters": {"count": 148739, "norm": 39.8654644515595, "max_abs": 1.0644641072068466, "rms": 0.10336759206021112, "displacement_norm": 8.107280197608604, "relative_displacement": 0.20974897887465954, "residual_parameter_norm": 20.643991392317048, "residual_output_parameter_norm": 0.31595236319673786}}
{"arm": "MAPR", "round": 34, "actual_transitions": 192, "optimizer_steps": 32, "parameters": {"count": 89090, "norm": 34.66187988548731, "max_abs": 1.0428238342025389, "rms": 0.11612818369224204, "displacement_norm": 7.993086774113693, "relative_displacement": 0.23991256790850565}}
{"arm": "DIRECT", "round": 34, "actual_transitions": 192, "optimizer_steps": 32, "parameters": {"count": 148739, "norm": 39.869583706983455, "max_abs": 1.0651376033610367, "rms": 0.10337827292195732, "displacement_norm": 8.129199435966218, "relative_displacement": 0.21031606644918, "residual_parameter_norm": 20.648751931872752, "residual_output_parameter_norm": 0.3147746503653333}}
{"arm": "MAPR", "round": 35, "actual_transitions": 192, "optimizer_steps": 32, "parameters": {"count": 89090, "norm": 34.688578262880924, "max_abs": 1.0436928828581484, "rms": 0.11621763164153077, "displacement_norm": 8.09272522789969, "relative_displacement": 0.24290321695133205}}
{"arm": "DIRECT", "round": 35, "actual_transitions": 192, "optimizer_steps": 32, "parameters": {"count": 148739, "norm": 39.86784897025291, "max_abs": 1.0655858371636933, "rms": 0.10337377490440851, "displacement_norm": 8.137896055948746, "relative_displacement": 0.21054106263983025, "residual_parameter_norm": 20.639147724941395, "residual_output_parameter_norm": 0.3080534267304521}}
{"arm": "MAPR", "round": 36, "actual_transitions": 192, "optimizer_steps": 32, "parameters": {"count": 89090, "norm": 34.72653684829208, "max_abs": 1.0432394855382543, "rms": 0.11634480482411312, "displacement_norm": 8.203448946470639, "relative_displacement": 0.24622659031151686}}
{"arm": "DIRECT", "round": 36, "actual_transitions": 192, "optimizer_steps": 32, "parameters": {"count": 148739, "norm": 39.8785857058656, "max_abs": 1.0650690874202675, "rms": 0.10340161430179519, "displacement_norm": 8.189457350056582, "relative_displacement": 0.21187504006813782, "residual_parameter_norm": 20.642277199342274, "residual_output_parameter_norm": 0.30857415666598464}}
{"arm": "MAPR", "round": 37, "actual_transitions": 192, "optimizer_steps": 32, "parameters": {"count": 89090, "norm": 34.758485634978136, "max_abs": 1.0422511660114704, "rms": 0.11645184329350025, "displacement_norm": 8.318258730141585, "relative_displacement": 0.24967260695063573}}
{"arm": "DIRECT", "round": 37, "actual_transitions": 192, "optimizer_steps": 32, "parameters": {"count": 148739, "norm": 39.89904963930441, "max_abs": 1.0651492437638512, "rms": 0.10345467545517067, "displacement_norm": 8.267643637224241, "relative_displacement": 0.213897850862349, "residual_parameter_norm": 20.65634436659455, "residual_output_parameter_norm": 0.311725521568418}}
{"arm": "MAPR", "round": 38, "actual_transitions": 192, "optimizer_steps": 32, "parameters": {"count": 89090, "norm": 34.768327285767384, "max_abs": 1.0425654323279563, "rms": 0.11648481591456018, "displacement_norm": 8.353148185684628, "relative_displacement": 0.25071981425725093}}
{"arm": "DIRECT", "round": 38, "actual_transitions": 192, "optimizer_steps": 32, "parameters": {"count": 148739, "norm": 39.92269733192618, "max_abs": 1.0650939738393026, "rms": 0.10351599181201541, "displacement_norm": 8.360033143977063, "relative_displacement": 0.21628812284355597, "residual_parameter_norm": 20.669966120088645, "residual_output_parameter_norm": 0.31668873678470316}}
{"arm": "MAPR", "round": 39, "actual_transitions": 192, "optimizer_steps": 32, "parameters": {"count": 89090, "norm": 34.770896038732864, "max_abs": 1.0428613041755854, "rms": 0.11649342204374936, "displacement_norm": 8.381603170932939, "relative_displacement": 0.2515738908829207}}
{"arm": "DIRECT", "round": 39, "actual_transitions": 192, "optimizer_steps": 32, "parameters": {"count": 148739, "norm": 39.95807536751888, "max_abs": 1.0650758096337174, "rms": 0.10360772390146544, "displacement_norm": 8.491063428038888, "relative_displacement": 0.2196780967452513, "residual_parameter_norm": 20.697507046754787, "residual_output_parameter_norm": 0.32548555609147445}}
{"arm": "MAPR", "round": 40, "actual_transitions": 192, "optimizer_steps": 32, "parameters": {"count": 89090, "norm": 34.788584351478846, "max_abs": 1.0453871748581778, "rms": 0.11655268344672455, "displacement_norm": 8.460705361524441, "relative_displacement": 0.2539481438102699}}
{"arm": "DIRECT", "round": 40, "actual_transitions": 192, "optimizer_steps": 32, "parameters": {"count": 148739, "norm": 39.98667841483736, "max_abs": 1.0648279063985295, "rms": 0.10368188905086408, "displacement_norm": 8.598051884295206, "relative_displacement": 0.22244606811224044, "residual_parameter_norm": 20.71674086408535, "residual_output_parameter_norm": 0.330848392194788}}
{"arm": "MAPR", "round": 41, "actual_transitions": 192, "optimizer_steps": 32, "parameters": {"count": 89090, "norm": 34.806433555028065, "max_abs": 1.0444936698869804, "rms": 0.11661248388442072, "displacement_norm": 8.522877742557991, "relative_displacement": 0.25581424835889705}}
{"arm": "DIRECT", "round": 41, "actual_transitions": 192, "optimizer_steps": 32, "parameters": {"count": 148739, "norm": 40.01427108203148, "max_abs": 1.0641524315056756, "rms": 0.10375343437475816, "displacement_norm": 8.690408480788955, "relative_displacement": 0.22483548864967504, "residual_parameter_norm": 20.736518802981212, "residual_output_parameter_norm": 0.3385502526101922}}
{"arm": "MAPR", "round": 42, "actual_transitions": 192, "optimizer_steps": 32, "parameters": {"count": 89090, "norm": 34.830629584446235, "max_abs": 1.0439821240223695, "rms": 0.11669354818209238, "displacement_norm": 8.591354030376715, "relative_displacement": 0.25786956472361316}}
{"arm": "DIRECT", "round": 42, "actual_transitions": 192, "optimizer_steps": 32, "parameters": {"count": 148739, "norm": 40.041957661889555, "max_abs": 1.0646517977380499, "rms": 0.1038252232058099, "displacement_norm": 8.780020855278488, "relative_displacement": 0.22715391154682094, "residual_parameter_norm": 20.76148726120574, "residual_output_parameter_norm": 0.34612324044111786}}
{"arm": "MAPR", "round": 43, "actual_transitions": 192, "optimizer_steps": 32, "parameters": {"count": 89090, "norm": 34.84642064906547, "max_abs": 1.0437502101033802, "rms": 0.11674645320798413, "displacement_norm": 8.639324383791294, "relative_displacement": 0.2593093952917539}}
{"arm": "DIRECT", "round": 43, "actual_transitions": 192, "optimizer_steps": 32, "parameters": {"count": 148739, "norm": 40.05569420459072, "max_abs": 1.0629912867946412, "rms": 0.10386084083529913, "displacement_norm": 8.83799171469967, "relative_displacement": 0.2286537152136124, "residual_parameter_norm": 20.7651379276463, "residual_output_parameter_norm": 0.3458458429993736}}
{"arm": "MAPR", "round": 44, "actual_transitions": 192, "optimizer_steps": 32, "parameters": {"count": 89090, "norm": 34.870218788086426, "max_abs": 1.0438801774848525, "rms": 0.11682618444786175, "displacement_norm": 8.733842338870394, "relative_displacement": 0.26214635252208524}}
{"arm": "DIRECT", "round": 44, "actual_transitions": 192, "optimizer_steps": 32, "parameters": {"count": 148739, "norm": 40.07471380432419, "max_abs": 1.0634896852822149, "rms": 0.10391015696025703, "displacement_norm": 8.902474124212267, "relative_displacement": 0.23032198363668163, "residual_parameter_norm": 20.783209739607827, "residual_output_parameter_norm": 0.3495966205982141}}
{"arm": "MAPR", "round": 45, "actual_transitions": 192, "optimizer_steps": 32, "parameters": {"count": 89090, "norm": 34.89348729400818, "max_abs": 1.0450652351866638, "rms": 0.11690414125051794, "displacement_norm": 8.806671412850653, "relative_displacement": 0.26433231780067934}}
{"arm": "DIRECT", "round": 45, "actual_transitions": 192, "optimizer_steps": 32, "parameters": {"count": 148739, "norm": 40.08448277786244, "max_abs": 1.0645200383487365, "rms": 0.10393548703693972, "displacement_norm": 8.927282574674438, "relative_displacement": 0.23096381998932647, "residual_parameter_norm": 20.790232046703988, "residual_output_parameter_norm": 0.3487190873548417}}
{"arm": "MAPR", "round": 46, "actual_transitions": 192, "optimizer_steps": 32, "parameters": {"count": 89090, "norm": 34.8887951227001, "max_abs": 1.0467563539492264, "rms": 0.11688842100299011, "displacement_norm": 8.77642365970365, "relative_displacement": 0.2634244312311926}}
{"arm": "DIRECT", "round": 46, "actual_transitions": 192, "optimizer_steps": 32, "parameters": {"count": 148739, "norm": 40.096163791228854, "max_abs": 1.0641589121886985, "rms": 0.1039657748622823, "displacement_norm": 8.963650705423278, "relative_displacement": 0.23190472471966989, "residual_parameter_norm": 20.79523725157902, "residual_output_parameter_norm": 0.3496721050054311}}
{"arm": "MAPR", "round": 47, "actual_transitions": 192, "optimizer_steps": 32, "parameters": {"count": 89090, "norm": 34.89211170518359, "max_abs": 1.0475268883050628, "rms": 0.11689953259593154, "displacement_norm": 8.779110652733069, "relative_displacement": 0.2635050813499587}}
{"arm": "DIRECT", "round": 47, "actual_transitions": 192, "optimizer_steps": 32, "parameters": {"count": 148739, "norm": 40.13193277215515, "max_abs": 1.064452536700356, "rms": 0.10405852063809763, "displacement_norm": 9.084956062752372, "relative_displacement": 0.23504309840500373, "residual_parameter_norm": 20.817719600615696, "residual_output_parameter_norm": 0.3574216988187508}}
{"arm": "MAPR", "round": 48, "actual_transitions": 192, "optimizer_steps": 32, "parameters": {"count": 89090, "norm": 34.89700287516409, "max_abs": 1.048887854918822, "rms": 0.11691591955151048, "displacement_norm": 8.800602254026542, "relative_displacement": 0.26415015194665004}}
{"arm": "DIRECT", "round": 48, "actual_transitions": 192, "optimizer_steps": 32, "parameters": {"count": 148739, "norm": 40.15181979482744, "max_abs": 1.064068520940097, "rms": 0.10411008591333427, "displacement_norm": 9.151785431952431, "relative_displacement": 0.2367720866238499, "residual_parameter_norm": 20.829888944234693, "residual_output_parameter_norm": 0.36209183339701667}}
{"arm": "MAPR", "round": 49, "actual_transitions": 192, "optimizer_steps": 32, "parameters": {"count": 89090, "norm": 34.909052812226854, "max_abs": 1.0492905751922785, "rms": 0.11695629062513163, "displacement_norm": 8.834206486356475, "relative_displacement": 0.26515878326752823}}
{"arm": "DIRECT", "round": 49, "actual_transitions": 192, "optimizer_steps": 32, "parameters": {"count": 148739, "norm": 40.17819246597889, "max_abs": 1.0641992982751167, "rms": 0.10417846789635202, "displacement_norm": 9.233715809013749, "relative_displacement": 0.23889176332288592, "residual_parameter_norm": 20.84687662301796, "residual_output_parameter_norm": 0.36829703434640376}}
{"arm": "MAPR", "round": 50, "actual_transitions": 192, "optimizer_steps": 32, "parameters": {"count": 89090, "norm": 34.93264508611363, "max_abs": 1.0497264716016423, "rms": 0.11703533215215475, "displacement_norm": 8.89976356347504, "relative_displacement": 0.26712647949810425}}
{"arm": "DIRECT", "round": 50, "actual_transitions": 192, "optimizer_steps": 32, "parameters": {"count": 148739, "norm": 40.19542696479169, "max_abs": 1.064635291412005, "rms": 0.10422315541391021, "displacement_norm": 9.28388986381111, "relative_displacement": 0.2401898505362589, "residual_parameter_norm": 20.859380611657457, "residual_output_parameter_norm": 0.3715061261810782}}
{"arm": "MAPR", "round": 51, "actual_transitions": 192, "optimizer_steps": 32, "parameters": {"count": 89090, "norm": 34.92949345533056, "max_abs": 1.0501924401969043, "rms": 0.11702477319921521, "displacement_norm": 8.888995051709857, "relative_displacement": 0.26680326252534414}}
{"arm": "DIRECT", "round": 51, "actual_transitions": 192, "optimizer_steps": 32, "parameters": {"count": 148739, "norm": 40.21344257819482, "max_abs": 1.0638798654457564, "rms": 0.10426986829190092, "displacement_norm": 9.348187216151212, "relative_displacement": 0.24185333121892466, "residual_parameter_norm": 20.873185798415275, "residual_output_parameter_norm": 0.374408959518762}}
{"arm": "MAPR", "round": 52, "actual_transitions": 192, "optimizer_steps": 32, "parameters": {"count": 89090, "norm": 34.9520949145394, "max_abs": 1.0501417432237137, "rms": 0.11710049518588728, "displacement_norm": 8.958334995696257, "relative_displacement": 0.2688845015373219}}
{"arm": "DIRECT", "round": 52, "actual_transitions": 192, "optimizer_steps": 32, "parameters": {"count": 148739, "norm": 40.24176433029792, "max_abs": 1.0645317663229077, "rms": 0.10434330406790651, "displacement_norm": 9.433292322244744, "relative_displacement": 0.24405514349937396, "residual_parameter_norm": 20.893193049278548, "residual_output_parameter_norm": 0.38164976078742835}}
{"arm": "MAPR", "round": 53, "actual_transitions": 192, "optimizer_steps": 32, "parameters": {"count": 89090, "norm": 34.98663652196907, "max_abs": 1.0506299903463316, "rms": 0.11721622041907918, "displacement_norm": 9.060641801483936, "relative_displacement": 0.27195524118830744}}
{"arm": "DIRECT", "round": 53, "actual_transitions": 192, "optimizer_steps": 32, "parameters": {"count": 148739, "norm": 40.26657383119311, "max_abs": 1.0641901472650386, "rms": 0.10440763288993408, "displacement_norm": 9.51370824099736, "relative_displacement": 0.24613563861395063, "residual_parameter_norm": 20.908901328245687, "residual_output_parameter_norm": 0.3864161992741003}}
{"arm": "MAPR", "round": 54, "actual_transitions": 192, "optimizer_steps": 32, "parameters": {"count": 89090, "norm": 35.01181571003709, "max_abs": 1.051359397387503, "rms": 0.11730057860700334, "displacement_norm": 9.141186281038934, "relative_displacement": 0.2743727844312352}}
{"arm": "DIRECT", "round": 54, "actual_transitions": 192, "optimizer_steps": 32, "parameters": {"count": 148739, "norm": 40.26692303433845, "max_abs": 1.0633850557537285, "rms": 0.10440853834252997, "displacement_norm": 9.515650938725237, "relative_displacement": 0.2461858994726791, "residual_parameter_norm": 20.909957069172908, "residual_output_parameter_norm": 0.3855590187600456}}
{"arm": "MAPR", "round": 55, "actual_transitions": 192, "optimizer_steps": 32, "parameters": {"count": 89090, "norm": 35.03920458931616, "max_abs": 1.051614053514892, "rms": 0.1173923399544707, "displacement_norm": 9.232952856076762, "relative_displacement": 0.2771271589660888}}
{"arm": "DIRECT", "round": 55, "actual_transitions": 192, "optimizer_steps": 32, "parameters": {"count": 148739, "norm": 40.277177136022374, "max_abs": 1.063350788451265, "rms": 0.10443512631320559, "displacement_norm": 9.543776204743333, "relative_displacement": 0.24691354742416027, "residual_parameter_norm": 20.922419439537418, "residual_output_parameter_norm": 0.3880093657144048}}
{"arm": "MAPR", "round": 56, "actual_transitions": 192, "optimizer_steps": 32, "parameters": {"count": 89090, "norm": 35.05981576170273, "max_abs": 1.0516104934290615, "rms": 0.11746139385520915, "displacement_norm": 9.292739934890955, "relative_displacement": 0.2789216686481949}}
{"arm": "DIRECT", "round": 56, "actual_transitions": 192, "optimizer_steps": 32, "parameters": {"count": 148739, "norm": 40.294773477811354, "max_abs": 1.063726844314198, "rms": 0.10448075205731314, "displacement_norm": 9.602480932958231, "relative_displacement": 0.24843233751134902, "residual_parameter_norm": 20.939762426983446, "residual_output_parameter_norm": 0.39319107559520544}}
{"arm": "MAPR", "round": 57, "actual_transitions": 192, "optimizer_steps": 32, "parameters": {"count": 89090, "norm": 35.08704223838793, "max_abs": 1.0511627789886517, "rms": 0.11755261110298211, "displacement_norm": 9.37305060170242, "relative_displacement": 0.28133219399962517}}
{"arm": "DIRECT", "round": 57, "actual_transitions": 192, "optimizer_steps": 32, "parameters": {"count": 148739, "norm": 40.29546274489009, "max_abs": 1.0643958639381965, "rms": 0.10448253926534383, "displacement_norm": 9.610264742708743, "relative_displacement": 0.24863371776553167, "residual_parameter_norm": 20.93801826384989, "residual_output_parameter_norm": 0.3908735827140273}}
{"arm": "MAPR", "round": 58, "actual_transitions": 192, "optimizer_steps": 32, "parameters": {"count": 89090, "norm": 35.098209205104205, "max_abs": 1.0514564658760412, "rms": 0.11759002394863265, "displacement_norm": 9.407624428300947, "relative_displacement": 0.2823699277007704}}
{"arm": "DIRECT", "round": 58, "actual_transitions": 192, "optimizer_steps": 32, "parameters": {"count": 148739, "norm": 40.31224918008593, "max_abs": 1.0642987533336177, "rms": 0.10452606499392471, "displacement_norm": 9.671902238252287, "relative_displacement": 0.25022838347777177, "residual_parameter_norm": 20.94752406952531, "residual_output_parameter_norm": 0.39242034737993997}}
{"arm": "MAPR", "round": 59, "actual_transitions": 192, "optimizer_steps": 32, "parameters": {"count": 89090, "norm": 35.0994570013007, "max_abs": 1.0510176230143402, "rms": 0.11759420445777974, "displacement_norm": 9.426706189472243, "relative_displacement": 0.2829426669255776}}
{"arm": "DIRECT", "round": 59, "actual_transitions": 192, "optimizer_steps": 32, "parameters": {"count": 148739, "norm": 40.33083825363133, "max_abs": 1.0632520477995158, "rms": 0.1045742648028935, "displacement_norm": 9.73583961404082, "relative_displacement": 0.25188255096140283, "residual_parameter_norm": 20.965906312117575, "residual_output_parameter_norm": 0.3942560177017218}}
{"arm": "MAPR", "round": 60, "actual_transitions": 192, "optimizer_steps": 32, "parameters": {"count": 89090, "norm": 35.1173597979697, "max_abs": 1.0514265876651194, "rms": 0.11765418444925888, "displacement_norm": 9.481848824060807, "relative_displacement": 0.28459777357451665}}
{"arm": "DIRECT", "round": 60, "actual_transitions": 192, "optimizer_steps": 32, "parameters": {"count": 148739, "norm": 40.332633312951856, "max_abs": 1.0633100599788208, "rms": 0.10457891923153546, "displacement_norm": 9.739019873938567, "relative_displacement": 0.25196482963561284, "residual_parameter_norm": 20.977100023222388, "residual_output_parameter_norm": 0.3953960872392034}}
{"arm": "MAPR", "round": 61, "actual_transitions": 192, "optimizer_steps": 32, "parameters": {"count": 89090, "norm": 35.13103859701901, "max_abs": 1.0512510619398563, "rms": 0.11770001272210315, "displacement_norm": 9.520496647607356, "relative_displacement": 0.2857577883289112}}
{"arm": "DIRECT", "round": 61, "actual_transitions": 192, "optimizer_steps": 32, "parameters": {"count": 148739, "norm": 40.355350682925064, "max_abs": 1.0631948350459608, "rms": 0.10463782334476673, "displacement_norm": 9.808224324176742, "relative_displacement": 0.25375526519689034, "residual_parameter_norm": 20.99898311117134, "residual_output_parameter_norm": 0.40177500205713074}}
{"arm": "MAPR", "round": 62, "actual_transitions": 192, "optimizer_steps": 32, "parameters": {"count": 89090, "norm": 35.15186309645661, "max_abs": 1.0520248449977276, "rms": 0.11776978133546105, "displacement_norm": 9.580538101029585, "relative_displacement": 0.28755993306705374}}
{"arm": "DIRECT", "round": 62, "actual_transitions": 192, "optimizer_steps": 32, "parameters": {"count": 148739, "norm": 40.36992766444854, "max_abs": 1.063738728462026, "rms": 0.10467562015712843, "displacement_norm": 9.857998295162067, "relative_displacement": 0.25504300156892157, "residual_parameter_norm": 21.005274336014544, "residual_output_parameter_norm": 0.40298016492251415}}
{"arm": "MAPR", "round": 63, "actual_transitions": 192, "optimizer_steps": 32, "parameters": {"count": 89090, "norm": 35.186267155302254, "max_abs": 1.05152992552197, "rms": 0.11788504573769733, "displacement_norm": 9.682744771403458, "relative_displacement": 0.2906276671527372}}
{"arm": "DIRECT", "round": 63, "actual_transitions": 192, "optimizer_steps": 32, "parameters": {"count": 148739, "norm": 40.38295860071353, "max_abs": 1.0634941874350783, "rms": 0.10470940821209113, "displacement_norm": 9.898518838699925, "relative_displacement": 0.25609133620437907, "residual_parameter_norm": 21.01496302432669, "residual_output_parameter_norm": 0.4052849981549026}}
{"arm": "MAPR", "round": 64, "actual_transitions": 192, "optimizer_steps": 32, "parameters": {"count": 89090, "norm": 35.20383734507634, "max_abs": 1.0510793456531569, "rms": 0.11794391139161839, "displacement_norm": 9.732605486512563, "relative_displacement": 0.29212423694331174}}
{"arm": "DIRECT", "round": 64, "actual_transitions": 192, "optimizer_steps": 32, "parameters": {"count": 148739, "norm": 40.38555271529366, "max_abs": 1.0638084689964964, "rms": 0.10471613451972017, "displacement_norm": 9.906929058626236, "relative_displacement": 0.2563089227437188, "residual_parameter_norm": 21.007158772750866, "residual_output_parameter_norm": 0.4019159714293883}}
{"summary": "temp/directions/variable_n_fleet_churn/b01_formal_20260905_02/output/summary.json", "complete_wall_seconds": 388.165651325995, "summary_publication_seconds": 0.011096658010501415, "wall_cap_seconds": 2700, "within_wall_cap": true, "exposure": {"MAPR": {"training_instances": 1, "rounds": 64, "training_episodes": 2048, "joint_transitions": 12288, "optimizer_steps": 2048, "backward_calls": 2048, "collection_forward_calls": 384, "optimizer_forward_calls": 2048, "optimizer_forward_decisions": 49152, "evaluation_forward_calls": 18, "evaluation_episodes": 192, "initial_parameters": {"count": 89090, "norm": 33.31666549941635, "max_abs": 1.0321377407278138, "rms": 0.11162129301443717}, "final_parameters": {"count": 89090, "norm": 35.20383734507634, "max_abs": 1.0510793456531569, "rms": 0.11794391139161839, "displacement_norm": 9.732605486512563, "relative_displacement": 0.29212423694331174}}, "DIRECT": {"training_instances": 1, "rounds": 64, "training_episodes": 2048, "joint_transitions": 12288, "optimizer_steps": 2048, "backward_calls": 2048, "collection_forward_calls": 384, "optimizer_forward_calls": 2048, "optimizer_forward_decisions": 49152, "evaluation_forward_calls": 18, "evaluation_episodes": 192, "initial_parameters": {"count": 148739, "norm": 38.65229876734371, "max_abs": 1.0321377407278138, "rms": 0.10022196169386131, "residual_parameter_norm": 19.595917942265427, "residual_output_parameter_norm": 0.0}, "final_parameters": {"count": 148739, "norm": 40.38555271529366, "max_abs": 1.0638084689964964, "rms": 0.10471613451972017, "displacement_norm": 9.906929058626236, "relative_displacement": 0.2563089227437188, "residual_parameter_norm": 21.007158772750866, "residual_output_parameter_norm": 0.4019159714293883}}}, "projected_complete_seconds": 431.17036856355844, "complete_projection": {"terms_seconds": {"shared_setup": 9.802925261989003, "shared_training_worlds": 2.571479359641671, "evaluation_world_generation": 0.057763596996665, "other_measured_overhead": 0.4543270380818285, "MAPR": 170.35347127632122, "DIRECT": 201.22880871553207, "fixed_BCRH": 46.37707634198887, "publication": 0.3245169730071211}, "per_arm": {"MAPR": {"unit_seconds": {"collect_episode": 0.022124624187654263, "update_round": 1.902159176999703, "eval_episode": 0.017208612562626513}, "projected_seconds": 170.35347127632122}, "DIRECT": {"unit_seconds": {"collect_episode": 0.02353470990601636, "update_round": 2.337099948999821, "eval_episode": 0.017996490062614612}, "projected_seconds": 201.22880871553207}}, "projected_complete_seconds": 431.17036856355844, "cap_seconds": 2700, "source": "maximum observed unit wall; full/check publication row-ratio scaling includes all six checkpoints", "formula": "shared + sum(2048*collect_episode+64*update_round+192*eval_episode) +64*BCRH_episode+publication", "limitation": "planning estimate from selected N7 sizes; no performance guarantee or additional benchmark"}}
=== Task 'vnfc_b01_formal_33e08f440_20260905_02' exited with code 0 at 2026-09-06T08:18:32+08:00 (Duration: 389s) ===
