=== Task 'acvc-cluster-b02-be76f696c-launch2' started at 2026-09-14T07:38:17+08:00 ===
{
  "assessed_at": "2026-09-13T23:38:17.402456Z",
  "available_physical_bytes": 15609135104,
  "captured_at": "2026-09-13T23:38:17.402180Z",
  "cgroup_headroom_bytes": null,
  "cgroup_memory_current_bytes": null,
  "cgroup_memory_max_bytes": null,
  "effective_available_bytes": 15609135104,
  "effective_floor_pass": true,
  "failure_reasons": [],
  "measurement_source": "/proc/meminfo",
  "minimum_available_bytes": 4294967296,
  "passed": true,
  "physical_floor_pass": true,
  "schema_version": 1
}
{"rollouts": 16, "training_episodes": 32, "optimizer_steps": 64, "process_wall_s": 10.154929768992588}
{"rollouts": 32, "training_episodes": 64, "optimizer_steps": 128, "process_wall_s": 18.011399618000723}
{"rollouts": 48, "training_episodes": 96, "optimizer_steps": 192, "process_wall_s": 25.992093031993136}
{"rollouts": 64, "training_episodes": 128, "optimizer_steps": 256, "process_wall_s": 34.17939601407852}
{"rollouts": 80, "training_episodes": 160, "optimizer_steps": 320, "process_wall_s": 42.15302634902764}
{"rollouts": 96, "training_episodes": 192, "optimizer_steps": 384, "process_wall_s": 50.17093072796706}
{"rollouts": 112, "training_episodes": 224, "optimizer_steps": 448, "process_wall_s": 58.19784053496551}
{"rollouts": 128, "training_episodes": 256, "optimizer_steps": 512, "process_wall_s": 66.13097408798058}
{"rollouts": 144, "training_episodes": 288, "optimizer_steps": 576, "process_wall_s": 74.26388226402923}
{"rollouts": 160, "training_episodes": 320, "optimizer_steps": 640, "process_wall_s": 82.18293802207336}
{"rollouts": 176, "training_episodes": 352, "optimizer_steps": 704, "process_wall_s": 89.9463825430721}
{"rollouts": 192, "training_episodes": 384, "optimizer_steps": 768, "process_wall_s": 97.78803877800237}
{"rollouts": 208, "training_episodes": 416, "optimizer_steps": 832, "process_wall_s": 105.61838210897986}
{"rollouts": 224, "training_episodes": 448, "optimizer_steps": 896, "process_wall_s": 113.46513057907578}
{"rollouts": 240, "training_episodes": 480, "optimizer_steps": 960, "process_wall_s": 121.37380371801555}
{"rollouts": 256, "training_episodes": 512, "optimizer_steps": 1024, "process_wall_s": 129.35659951297566}
{"completed_arm": "C", "evaluation_episodes": 64, "process_wall_s": 139.6734418780543}
{"completed_arm": "F", "evaluation_episodes": 128, "process_wall_s": 152.09477066004183}
{"completed_arm": "dwell", "evaluation_episodes": 192, "process_wall_s": 164.18767712300178}
=== Task 'acvc-cluster-b02-be76f696c-launch2' exited with code 0 at 2026-09-14T07:41:01+08:00 (Duration: 164s) ===
