=== Task 'vnfc-b03-credit-20260912-01' started at 2026-09-12T21:53:09+08:00 ===
{
  "assessed_at": "2026-09-12T13:53:09.878166Z",
  "available_physical_bytes": 15623073792,
  "captured_at": "2026-09-12T13:53:09.877853Z",
  "cgroup_headroom_bytes": null,
  "cgroup_memory_current_bytes": null,
  "cgroup_memory_max_bytes": null,
  "effective_available_bytes": 15623073792,
  "effective_floor_pass": true,
  "failure_reasons": [],
  "measurement_source": "/proc/meminfo",
  "minimum_available_bytes": 4294967296,
  "passed": true,
  "physical_floor_pass": true,
  "schema_version": 1
}
{"arm": "INTERVAL", "round": 1, "actual_transitions": 192, "optimizer_steps": 32, "parameters": {"count": 89090, "norm": 33.36554320584842, "max_abs": 0.9170700312095937, "rms": 0.11178504868175093, "displacement_norm": 1.032682725134233, "relative_displacement": 0.030995980829843957}}
{"arm": "TERMINAL", "round": 1, "actual_transitions": 192, "optimizer_steps": 32, "parameters": {"count": 89090, "norm": 33.36956633374429, "max_abs": 0.9211052125950719, "rms": 0.11179852742372492, "displacement_norm": 1.1124435356505147, "relative_displacement": 0.033390002239870084}}
{"arm": "INTERVAL", "round": 2, "actual_transitions": 192, "optimizer_steps": 32, "parameters": {"count": 89090, "norm": 33.488406573072396, "max_abs": 0.9224401976504641, "rms": 0.11219667954900832, "displacement_norm": 2.204140311759548, "relative_displacement": 0.06615729031460728}}
{"arm": "TERMINAL", "round": 2, "actual_transitions": 192, "optimizer_steps": 32, "parameters": {"count": 89090, "norm": 33.411298485742904, "max_abs": 0.9271879909204944, "rms": 0.11193834323951962, "displacement_norm": 1.6510494515151843, "relative_displacement": 0.04955626341249869}}
{"arm": "INTERVAL", "round": 3, "actual_transitions": 192, "optimizer_steps": 32, "parameters": {"count": 89090, "norm": 33.61475054321777, "max_abs": 0.9287662116255605, "rms": 0.11261997152918714, "displacement_norm": 3.133053354262074, "relative_displacement": 0.09403862323247682}}
{"arm": "TERMINAL", "round": 3, "actual_transitions": 192, "optimizer_steps": 32, "parameters": {"count": 89090, "norm": 33.522831328073174, "max_abs": 0.9336348274182935, "rms": 0.11231201328986419, "displacement_norm": 2.6718255739288344, "relative_displacement": 0.08019486745981945}}
{"arm": "INTERVAL", "round": 4, "actual_transitions": 192, "optimizer_steps": 32, "parameters": {"count": 89090, "norm": 33.68734882301819, "max_abs": 0.9348342811298297, "rms": 0.1128631985670817, "displacement_norm": 3.612917322733435, "relative_displacement": 0.1084417443515386}}
{"arm": "TERMINAL", "round": 4, "actual_transitions": 192, "optimizer_steps": 32, "parameters": {"count": 89090, "norm": 33.60608815345965, "max_abs": 0.9452131230940268, "rms": 0.11259094980294589, "displacement_norm": 3.273504025734754, "relative_displacement": 0.09825425133833093}}
{"arm": "INTERVAL", "round": 5, "actual_transitions": 192, "optimizer_steps": 32, "parameters": {"count": 89090, "norm": 33.746740557143276, "max_abs": 0.9339162259819044, "rms": 0.11306217952925296, "displacement_norm": 3.9622924152110275, "relative_displacement": 0.11892824074127223}}
{"arm": "TERMINAL", "round": 5, "actual_transitions": 192, "optimizer_steps": 32, "parameters": {"count": 89090, "norm": 33.65409822166331, "max_abs": 0.9444094190902411, "rms": 0.11275179860969989, "displacement_norm": 3.5814121621318713, "relative_displacement": 0.10749611668654567}}
{"arm": "INTERVAL", "round": 6, "actual_transitions": 192, "optimizer_steps": 32, "parameters": {"count": 89090, "norm": 33.79094277979275, "max_abs": 0.9299206187442016, "rms": 0.11321027085749026, "displacement_norm": 4.261938856702871, "relative_displacement": 0.12792213124622365}}
{"arm": "TERMINAL", "round": 6, "actual_transitions": 192, "optimizer_steps": 32, "parameters": {"count": 89090, "norm": 33.70945709055871, "max_abs": 0.9456317975638042, "rms": 0.11293726820677073, "displacement_norm": 3.945327274072599, "relative_displacement": 0.11841903188485994}}
{"arm": "INTERVAL", "round": 7, "actual_transitions": 192, "optimizer_steps": 32, "parameters": {"count": 89090, "norm": 33.846148700776304, "max_abs": 0.9271902037793768, "rms": 0.11339522803102087, "displacement_norm": 4.563470354825306, "relative_displacement": 0.13697260174206954}}
{"arm": "TERMINAL", "round": 7, "actual_transitions": 192, "optimizer_steps": 32, "parameters": {"count": 89090, "norm": 33.723504366324036, "max_abs": 0.9445381845725117, "rms": 0.11298433099233923, "displacement_norm": 4.02810052193679, "relative_displacement": 0.12090347162765597}}
{"arm": "INTERVAL", "round": 8, "actual_transitions": 192, "optimizer_steps": 32, "parameters": {"count": 89090, "norm": 33.8975651143153, "max_abs": 0.9252822996172991, "rms": 0.11356748916446138, "displacement_norm": 4.838597794893478, "relative_displacement": 0.14523055420952138}}
{"arm": "TERMINAL", "round": 8, "actual_transitions": 192, "optimizer_steps": 32, "parameters": {"count": 89090, "norm": 33.75290367453132, "max_abs": 0.9434184994940438, "rms": 0.11308282790812105, "displacement_norm": 4.209730678580167, "relative_displacement": 0.12635510233321257}}
{"arm": "INTERVAL", "round": 9, "actual_transitions": 192, "optimizer_steps": 32, "parameters": {"count": 89090, "norm": 33.973505501454966, "max_abs": 0.9241333693078279, "rms": 0.11382191331158065, "displacement_norm": 5.194008502837674, "relative_displacement": 0.15589820964912177}}
{"arm": "TERMINAL", "round": 9, "actual_transitions": 192, "optimizer_steps": 32, "parameters": {"count": 89090, "norm": 33.78947504152268, "max_abs": 0.9436463291851317, "rms": 0.11320535347332061, "displacement_norm": 4.380881625501393, "relative_displacement": 0.13149219946930576}}
{"arm": "INTERVAL", "round": 10, "actual_transitions": 192, "optimizer_steps": 32, "parameters": {"count": 89090, "norm": 34.05956717218543, "max_abs": 0.9259510002834159, "rms": 0.11411024693746782, "displacement_norm": 5.596703192467796, "relative_displacement": 0.16798509420355526}}
{"arm": "TERMINAL", "round": 10, "actual_transitions": 192, "optimizer_steps": 32, "parameters": {"count": 89090, "norm": 33.833567795596366, "max_abs": 0.9442089139728389, "rms": 0.11335307804744879, "displacement_norm": 4.585951425882938, "relative_displacement": 0.13764737128219734}}
{"arm": "INTERVAL", "round": 11, "actual_transitions": 192, "optimizer_steps": 32, "parameters": {"count": 89090, "norm": 34.13565549036407, "max_abs": 0.9275775941449794, "rms": 0.11436516670002757, "displacement_norm": 5.941979629447259, "relative_displacement": 0.17834856941344715}}
{"arm": "TERMINAL", "round": 11, "actual_transitions": 192, "optimizer_steps": 32, "parameters": {"count": 89090, "norm": 33.86873082435781, "max_abs": 0.9408720759650343, "rms": 0.11347088523726871, "displacement_norm": 4.782548742745263, "relative_displacement": 0.14354824142977465}}
{"arm": "INTERVAL", "round": 12, "actual_transitions": 192, "optimizer_steps": 32, "parameters": {"count": 89090, "norm": 34.19857182885315, "max_abs": 0.9284622995858647, "rms": 0.1145759561937723, "displacement_norm": 6.194570749315022, "relative_displacement": 0.1859300940372781}}
{"arm": "TERMINAL", "round": 12, "actual_transitions": 192, "optimizer_steps": 32, "parameters": {"count": 89090, "norm": 33.89678763447061, "max_abs": 0.9377654196365647, "rms": 0.11356488436280265, "displacement_norm": 4.9389324380731985, "relative_displacement": 0.14824209938295652}}
{"arm": "INTERVAL", "round": 13, "actual_transitions": 192, "optimizer_steps": 32, "parameters": {"count": 89090, "norm": 34.25714748039701, "max_abs": 0.931415370963688, "rms": 0.11477220302299365, "displacement_norm": 6.44445110089391, "relative_displacement": 0.1934302549277269}}
{"arm": "TERMINAL", "round": 13, "actual_transitions": 192, "optimizer_steps": 32, "parameters": {"count": 89090, "norm": 33.93399188608034, "max_abs": 0.9315333861173396, "rms": 0.11368953029024052, "displacement_norm": 5.106405131336551, "relative_displacement": 0.15326879370403995}}
{"arm": "INTERVAL", "round": 14, "actual_transitions": 192, "optimizer_steps": 32, "parameters": {"count": 89090, "norm": 34.29934309378489, "max_abs": 0.9328575900534981, "rms": 0.11491357157999932, "displacement_norm": 6.628517177145635, "relative_displacement": 0.19895499978116815}}
{"arm": "TERMINAL", "round": 14, "actual_transitions": 192, "optimizer_steps": 32, "parameters": {"count": 89090, "norm": 33.999331260092724, "max_abs": 0.9279322359119991, "rms": 0.11390843771397847, "displacement_norm": 5.3889647980111715, "relative_displacement": 0.16174982451666944}}
{"arm": "INTERVAL", "round": 15, "actual_transitions": 192, "optimizer_steps": 32, "parameters": {"count": 89090, "norm": 34.35271132397132, "max_abs": 0.9339072965547163, "rms": 0.1150923719122056, "displacement_norm": 6.864302964230828, "relative_displacement": 0.2060321121977551}}
{"arm": "TERMINAL", "round": 15, "actual_transitions": 192, "optimizer_steps": 32, "parameters": {"count": 89090, "norm": 34.04145220053799, "max_abs": 0.9270916770322062, "rms": 0.11404955609317421, "displacement_norm": 5.561512966820983, "relative_displacement": 0.16692885927970222}}
{"arm": "INTERVAL", "round": 16, "actual_transitions": 192, "optimizer_steps": 32, "parameters": {"count": 89090, "norm": 34.399767724793385, "max_abs": 0.9352372856353857, "rms": 0.11525002563371795, "displacement_norm": 7.06192015500299, "relative_displacement": 0.21196359386946154}}
{"arm": "TERMINAL", "round": 16, "actual_transitions": 192, "optimizer_steps": 32, "parameters": {"count": 89090, "norm": 34.111568133843555, "max_abs": 0.9326615875176558, "rms": 0.11428446649069338, "displacement_norm": 5.870262793446728, "relative_displacement": 0.17619598796733013}}
{"arm": "INTERVAL", "round": 17, "actual_transitions": 192, "optimizer_steps": 32, "parameters": {"count": 89090, "norm": 34.44354007384951, "max_abs": 0.9378512931343802, "rms": 0.11539667675040936, "displacement_norm": 7.236852742891418, "relative_displacement": 0.21721419699153846}}
{"arm": "TERMINAL", "round": 17, "actual_transitions": 192, "optimizer_steps": 32, "parameters": {"count": 89090, "norm": 34.13160495116859, "max_abs": 0.9256936139376644, "rms": 0.11435159612159099, "displacement_norm": 5.972994111525939, "relative_displacement": 0.17927946935837782}}
{"arm": "INTERVAL", "round": 18, "actual_transitions": 192, "optimizer_steps": 32, "parameters": {"count": 89090, "norm": 34.47962936277376, "max_abs": 0.9394746397166219, "rms": 0.11551758720268036, "displacement_norm": 7.375404857604721, "relative_displacement": 0.2213728399000171}}
{"arm": "TERMINAL", "round": 18, "actual_transitions": 192, "optimizer_steps": 32, "parameters": {"count": 89090, "norm": 34.17861271443965, "max_abs": 0.9221605940520309, "rms": 0.11450908689203212, "displacement_norm": 6.17750107902427, "relative_displacement": 0.18541774773746453}}
{"arm": "INTERVAL", "round": 19, "actual_transitions": 192, "optimizer_steps": 32, "parameters": {"count": 89090, "norm": 34.517845660420214, "max_abs": 0.9419599147707751, "rms": 0.1156456238021893, "displacement_norm": 7.498779133342684, "relative_displacement": 0.22507591984179953}}
{"arm": "TERMINAL", "round": 19, "actual_transitions": 192, "optimizer_steps": 32, "parameters": {"count": 89090, "norm": 34.21455001586958, "max_abs": 0.9250189966085265, "rms": 0.11462948813846321, "displacement_norm": 6.336683881697034, "relative_displacement": 0.1901956209215487}}
{"arm": "INTERVAL", "round": 20, "actual_transitions": 192, "optimizer_steps": 32, "parameters": {"count": 89090, "norm": 34.53607984207638, "max_abs": 0.9434315273037197, "rms": 0.11570671403745181, "displacement_norm": 7.57508698509294, "relative_displacement": 0.2273663006649222}}
{"arm": "TERMINAL", "round": 20, "actual_transitions": 192, "optimizer_steps": 32, "parameters": {"count": 89090, "norm": 34.23786729465377, "max_abs": 0.9250674280780589, "rms": 0.1147076083455264, "displacement_norm": 6.435367572732175, "relative_displacement": 0.19315761275223986}}
{"arm": "INTERVAL", "round": 21, "actual_transitions": 192, "optimizer_steps": 32, "parameters": {"count": 89090, "norm": 34.55702444305286, "max_abs": 0.9420791216510888, "rms": 0.11577688502868462, "displacement_norm": 7.668391564359907, "relative_displacement": 0.23016683840987154}}
{"arm": "TERMINAL", "round": 21, "actual_transitions": 192, "optimizer_steps": 32, "parameters": {"count": 89090, "norm": 34.267274540710666, "max_abs": 0.9254851517231016, "rms": 0.11480613185559743, "displacement_norm": 6.565861615938788, "relative_displacement": 0.19707439257550574}}
{"arm": "INTERVAL", "round": 22, "actual_transitions": 192, "optimizer_steps": 32, "parameters": {"count": 89090, "norm": 34.56365641976223, "max_abs": 0.9419721323029029, "rms": 0.11579910423353135, "displacement_norm": 7.690629132624135, "relative_displacement": 0.23083429921157203}}
{"arm": "TERMINAL", "round": 22, "actual_transitions": 192, "optimizer_steps": 32, "parameters": {"count": 89090, "norm": 34.307490235454985, "max_abs": 0.9206938994302928, "rms": 0.11494086706332443, "displacement_norm": 6.714494570218298, "relative_displacement": 0.201535611969809}}
{"arm": "INTERVAL", "round": 23, "actual_transitions": 192, "optimizer_steps": 32, "parameters": {"count": 89090, "norm": 34.56816174370302, "max_abs": 0.941860891835268, "rms": 0.11581419848369659, "displacement_norm": 7.7322792875070645, "relative_displacement": 0.2320844289667139}}
{"arm": "TERMINAL", "round": 23, "actual_transitions": 192, "optimizer_steps": 32, "parameters": {"count": 89090, "norm": 34.33729769411293, "max_abs": 0.9177327056523764, "rms": 0.11504073141130164, "displacement_norm": 6.827592838860559, "relative_displacement": 0.2049302574706993}}
{"arm": "INTERVAL", "round": 24, "actual_transitions": 192, "optimizer_steps": 32, "parameters": {"count": 89090, "norm": 34.56334638892447, "max_abs": 0.9413016511017364, "rms": 0.11579806553285509, "displacement_norm": 7.711532095232735, "relative_displacement": 0.23146170181310086}}
{"arm": "TERMINAL", "round": 24, "actual_transitions": 192, "optimizer_steps": 32, "parameters": {"count": 89090, "norm": 34.36361474335949, "max_abs": 0.9132221268681112, "rms": 0.11512890179153605, "displacement_norm": 6.933556527963824, "relative_displacement": 0.20811075850568797}}
{"arm": "INTERVAL", "round": 25, "actual_transitions": 192, "optimizer_steps": 32, "parameters": {"count": 89090, "norm": 34.58703081929816, "max_abs": 0.9403474617546066, "rms": 0.11587741581305247, "displacement_norm": 7.782289762803458, "relative_displacement": 0.23358549381059124}}
{"arm": "TERMINAL", "round": 25, "actual_transitions": 192, "optimizer_steps": 32, "parameters": {"count": 89090, "norm": 34.377178627541795, "max_abs": 0.9112639934636341, "rms": 0.11517434506348515, "displacement_norm": 6.999904995050263, "relative_displacement": 0.21010220831292037}}
{"arm": "INTERVAL", "round": 26, "actual_transitions": 192, "optimizer_steps": 32, "parameters": {"count": 89090, "norm": 34.591052094980114, "max_abs": 0.9412688554764705, "rms": 0.11589088834952811, "displacement_norm": 7.804116840532143, "relative_displacement": 0.23424063373535553}}
{"arm": "TERMINAL", "round": 26, "actual_transitions": 192, "optimizer_steps": 32, "parameters": {"count": 89090, "norm": 34.39049187578653, "max_abs": 0.9114248803622401, "rms": 0.11521894862632745, "displacement_norm": 7.067331566586291, "relative_displacement": 0.2121260174344307}}
{"arm": "INTERVAL", "round": 27, "actual_transitions": 192, "optimizer_steps": 32, "parameters": {"count": 89090, "norm": 34.61492075831641, "max_abs": 0.9417572397573394, "rms": 0.11597085586801131, "displacement_norm": 7.908301278242316, "relative_displacement": 0.23736773052455845}}
{"arm": "TERMINAL", "round": 27, "actual_transitions": 192, "optimizer_steps": 32, "parameters": {"count": 89090, "norm": 34.40620712404702, "max_abs": 0.9133904031398504, "rms": 0.11527159964360616, "displacement_norm": 7.129769885827056, "relative_displacement": 0.2140001041206226}}
{"arm": "INTERVAL", "round": 28, "actual_transitions": 192, "optimizer_steps": 32, "parameters": {"count": 89090, "norm": 34.631702588586414, "max_abs": 0.9425933015053582, "rms": 0.11602708026999775, "displacement_norm": 7.969513669327327, "relative_displacement": 0.23920502096666718}}
{"arm": "TERMINAL", "round": 28, "actual_transitions": 192, "optimizer_steps": 32, "parameters": {"count": 89090, "norm": 34.43609108220041, "max_abs": 0.9156916407235537, "rms": 0.11537172028891893, "displacement_norm": 7.245378189904858, "relative_displacement": 0.21747008835658485}}
{"arm": "INTERVAL", "round": 29, "actual_transitions": 192, "optimizer_steps": 32, "parameters": {"count": 89090, "norm": 34.64482009368143, "max_abs": 0.9424900863819778, "rms": 0.11607102803181248, "displacement_norm": 8.007976097367898, "relative_displacement": 0.2403594710733636}}
{"arm": "TERMINAL", "round": 29, "actual_transitions": 192, "optimizer_steps": 32, "parameters": {"count": 89090, "norm": 34.456581080090245, "max_abs": 0.919292949579975, "rms": 0.11544036821703665, "displacement_norm": 7.31785824750053, "relative_displacement": 0.21964557790540964}}
{"arm": "INTERVAL", "round": 30, "actual_transitions": 192, "optimizer_steps": 32, "parameters": {"count": 89090, "norm": 34.67710456741909, "max_abs": 0.9420123803774753, "rms": 0.11617919115824994, "displacement_norm": 8.113477868718485, "relative_displacement": 0.2435261076430538}}
{"arm": "TERMINAL", "round": 30, "actual_transitions": 192, "optimizer_steps": 32, "parameters": {"count": 89090, "norm": 34.475082182428814, "max_abs": 0.919482853287169, "rms": 0.11550235272041559, "displacement_norm": 7.4108425101105055, "relative_displacement": 0.22243650134315898}}
{"arm": "INTERVAL", "round": 31, "actual_transitions": 192, "optimizer_steps": 32, "parameters": {"count": 89090, "norm": 34.691297860709525, "max_abs": 0.9423683502847545, "rms": 0.1162267431483865, "displacement_norm": 8.158167650912663, "relative_displacement": 0.24486747183794783}}
{"arm": "TERMINAL", "round": 31, "actual_transitions": 192, "optimizer_steps": 32, "parameters": {"count": 89090, "norm": 34.52644122876149, "max_abs": 0.9194704554914007, "rms": 0.1156744216556979, "displacement_norm": 7.597227448491994, "relative_displacement": 0.22803084686326372}}
{"arm": "INTERVAL", "round": 32, "actual_transitions": 192, "optimizer_steps": 32, "parameters": {"count": 89090, "norm": 34.70193743466852, "max_abs": 0.9424169067220364, "rms": 0.11626238906266466, "displacement_norm": 8.201124502860218, "relative_displacement": 0.24615682211666365}}
{"arm": "TERMINAL", "round": 32, "actual_transitions": 192, "optimizer_steps": 32, "parameters": {"count": 89090, "norm": 34.57639260709762, "max_abs": 0.925615106614152, "rms": 0.11584177446109284, "displacement_norm": 7.7575793615943445, "relative_displacement": 0.23284381090689407}}
{"arm": "INTERVAL", "round": 33, "actual_transitions": 192, "optimizer_steps": 32, "parameters": {"count": 89090, "norm": 34.716941313630485, "max_abs": 0.9427000726715559, "rms": 0.11631265676937726, "displacement_norm": 8.241792115393004, "relative_displacement": 0.24737746085476}}
{"arm": "TERMINAL", "round": 33, "actual_transitions": 192, "optimizer_steps": 32, "parameters": {"count": 89090, "norm": 34.61172267178865, "max_abs": 0.9295740883247561, "rms": 0.11596014127373698, "displacement_norm": 7.885370648183832, "relative_displacement": 0.23667946746717397}}
{"arm": "INTERVAL", "round": 34, "actual_transitions": 192, "optimizer_steps": 32, "parameters": {"count": 89090, "norm": 34.72403654718603, "max_abs": 0.9390189002064909, "rms": 0.11633642803015133, "displacement_norm": 8.283456993624258, "relative_displacement": 0.24862803253132781}}
{"arm": "TERMINAL", "round": 34, "actual_transitions": 192, "optimizer_steps": 32, "parameters": {"count": 89090, "norm": 34.63733039362674, "max_abs": 0.9295254110456586, "rms": 0.11604593518437822, "displacement_norm": 7.943850493941062, "relative_displacement": 0.23843474053789152}}
{"arm": "INTERVAL", "round": 35, "actual_transitions": 192, "optimizer_steps": 32, "parameters": {"count": 89090, "norm": 34.732846945409094, "max_abs": 0.935841841020395, "rms": 0.11636594563123442, "displacement_norm": 8.344043913146654, "relative_displacement": 0.2504465494391335}}
{"arm": "TERMINAL", "round": 35, "actual_transitions": 192, "optimizer_steps": 32, "parameters": {"count": 89090, "norm": 34.66886085672971, "max_abs": 0.9335445332299204, "rms": 0.1161515721383813, "displacement_norm": 8.047426434022773, "relative_displacement": 0.24154357326557027}}
/usr/bin/timeout: the monitored command dumped core
=== Task 'vnfc-b03-credit-20260912-01' exited with code 139 at 2026-09-12T21:54:54+08:00 (Duration: 105s) ===
