{"worker_episodes_complete": 1, "world_id": 29497000, "arm": "T"}
{"worker_episodes_complete": 2, "world_id": 29497000, "arm": "G2"}
{"worker_episodes_complete": 3, "world_id": 29497000, "arm": "A2"}
{"worker_episodes_complete": 4, "world_id": 29497001, "arm": "G2"}
{"worker_episodes_complete": 5, "world_id": 29497001, "arm": "A2"}
{"worker_episodes_complete": 6, "world_id": 29497001, "arm": "T"}
{"worker_episodes_complete": 7, "world_id": 29497002, "arm": "A2"}
{"worker_episodes_complete": 8, "world_id": 29497002, "arm": "T"}
{"worker_episodes_complete": 9, "world_id": 29497002, "arm": "G2"}
{"worker_episodes_complete": 10, "world_id": 29497003, "arm": "T"}
{"worker_episodes_complete": 11, "world_id": 29497003, "arm": "G2"}
{"worker_episodes_complete": 12, "world_id": 29497003, "arm": "A2"}
{"worker_episodes_complete": 13, "world_id": 29497004, "arm": "G2"}
{"worker_episodes_complete": 14, "world_id": 29497004, "arm": "A2"}
{"worker_episodes_complete": 15, "world_id": 29497004, "arm": "T"}
{"worker_episodes_complete": 16, "world_id": 29497005, "arm": "A2"}
{"worker_episodes_complete": 17, "world_id": 29497005, "arm": "T"}
{"worker_episodes_complete": 18, "world_id": 29497005, "arm": "G2"}
{"worker_episodes_complete": 19, "world_id": 29497006, "arm": "T"}
{"worker_episodes_complete": 20, "world_id": 29497006, "arm": "G2"}
{"worker_episodes_complete": 21, "world_id": 29497006, "arm": "A2"}
{"worker_episodes_complete": 22, "world_id": 29497007, "arm": "G2"}
{"worker_episodes_complete": 23, "world_id": 29497007, "arm": "A2"}
{"worker_episodes_complete": 24, "world_id": 29497007, "arm": "T"}
{"worker_episodes_complete": 25, "world_id": 29497008, "arm": "A2"}
{"worker_episodes_complete": 26, "world_id": 29497008, "arm": "T"}
{"worker_episodes_complete": 27, "world_id": 29497008, "arm": "G2"}
{"worker_episodes_complete": 28, "world_id": 29497009, "arm": "T"}
{"worker_episodes_complete": 29, "world_id": 29497009, "arm": "G2"}
{"worker_episodes_complete": 30, "world_id": 29497009, "arm": "A2"}
{"worker_episodes_complete": 31, "world_id": 29497010, "arm": "G2"}
{"worker_episodes_complete": 32, "world_id": 29497010, "arm": "A2"}
{"worker_episodes_complete": 33, "world_id": 29497010, "arm": "T"}
{"worker_episodes_complete": 34, "world_id": 29497011, "arm": "A2"}
{"worker_episodes_complete": 35, "world_id": 29497011, "arm": "T"}
{"worker_episodes_complete": 36, "world_id": 29497011, "arm": "G2"}
{"worker_episodes_complete": 37, "world_id": 29497012, "arm": "T"}
{"worker_episodes_complete": 38, "world_id": 29497012, "arm": "G2"}
{"worker_episodes_complete": 39, "world_id": 29497012, "arm": "A2"}
{"worker_episodes_complete": 40, "world_id": 29497013, "arm": "G2"}
{"worker_episodes_complete": 41, "world_id": 29497013, "arm": "A2"}
{"worker_episodes_complete": 42, "world_id": 29497013, "arm": "T"}
{"worker_episodes_complete": 43, "world_id": 29497014, "arm": "A2"}
{"worker_episodes_complete": 44, "world_id": 29497014, "arm": "T"}
{"worker_episodes_complete": 45, "world_id": 29497014, "arm": "G2"}
{"worker_episodes_complete": 46, "world_id": 29497015, "arm": "T"}
{"worker_episodes_complete": 47, "world_id": 29497015, "arm": "G2"}
{"worker_episodes_complete": 48, "world_id": 29497015, "arm": "A2"}
{"reader_episodes_verified": 1, "world_id": 29497000, "arm": "T"}
{"reader_episodes_verified": 2, "world_id": 29497000, "arm": "G2"}
{"reader_episodes_verified": 3, "world_id": 29497000, "arm": "A2"}
{"reader_episodes_verified": 4, "world_id": 29497001, "arm": "G2"}
{"reader_episodes_verified": 5, "world_id": 29497001, "arm": "A2"}
{"reader_episodes_verified": 6, "world_id": 29497001, "arm": "T"}
{"reader_episodes_verified": 7, "world_id": 29497002, "arm": "A2"}
{"reader_episodes_verified": 8, "world_id": 29497002, "arm": "T"}
{"reader_episodes_verified": 9, "world_id": 29497002, "arm": "G2"}
{"reader_episodes_verified": 10, "world_id": 29497003, "arm": "T"}
{"reader_episodes_verified": 11, "world_id": 29497003, "arm": "G2"}
{"reader_episodes_verified": 12, "world_id": 29497003, "arm": "A2"}
{"reader_episodes_verified": 13, "world_id": 29497004, "arm": "G2"}
{"reader_episodes_verified": 14, "world_id": 29497004, "arm": "A2"}
{"reader_episodes_verified": 15, "world_id": 29497004, "arm": "T"}
{"reader_episodes_verified": 16, "world_id": 29497005, "arm": "A2"}
{"reader_episodes_verified": 17, "world_id": 29497005, "arm": "T"}
{"reader_episodes_verified": 18, "world_id": 29497005, "arm": "G2"}
{"reader_episodes_verified": 19, "world_id": 29497006, "arm": "T"}
{"reader_episodes_verified": 20, "world_id": 29497006, "arm": "G2"}
{"reader_episodes_verified": 21, "world_id": 29497006, "arm": "A2"}
{"reader_episodes_verified": 22, "world_id": 29497007, "arm": "G2"}
{"reader_episodes_verified": 23, "world_id": 29497007, "arm": "A2"}
{"reader_episodes_verified": 24, "world_id": 29497007, "arm": "T"}
{"reader_episodes_verified": 25, "world_id": 29497008, "arm": "A2"}
{"reader_episodes_verified": 26, "world_id": 29497008, "arm": "T"}
{"reader_episodes_verified": 27, "world_id": 29497008, "arm": "G2"}
{"reader_episodes_verified": 28, "world_id": 29497009, "arm": "T"}
{"reader_episodes_verified": 29, "world_id": 29497009, "arm": "G2"}
{"reader_episodes_verified": 30, "world_id": 29497009, "arm": "A2"}
{"reader_episodes_verified": 31, "world_id": 29497010, "arm": "G2"}
{"reader_episodes_verified": 32, "world_id": 29497010, "arm": "A2"}
{"reader_episodes_verified": 33, "world_id": 29497010, "arm": "T"}
{"reader_episodes_verified": 34, "world_id": 29497011, "arm": "A2"}
{"reader_episodes_verified": 35, "world_id": 29497011, "arm": "T"}
{"reader_episodes_verified": 36, "world_id": 29497011, "arm": "G2"}
{"reader_episodes_verified": 37, "world_id": 29497012, "arm": "T"}
{"reader_episodes_verified": 38, "world_id": 29497012, "arm": "G2"}
{"reader_episodes_verified": 39, "world_id": 29497012, "arm": "A2"}
{"reader_episodes_verified": 40, "world_id": 29497013, "arm": "G2"}
{"reader_episodes_verified": 41, "world_id": 29497013, "arm": "A2"}
{"reader_episodes_verified": 42, "world_id": 29497013, "arm": "T"}
{"reader_episodes_verified": 43, "world_id": 29497014, "arm": "A2"}
{"reader_episodes_verified": 44, "world_id": 29497014, "arm": "T"}
{"reader_episodes_verified": 45, "world_id": 29497014, "arm": "G2"}
{"reader_episodes_verified": 46, "world_id": 29497015, "arm": "T"}
{"reader_episodes_verified": 47, "world_id": 29497015, "arm": "G2"}
{"reader_episodes_verified": 48, "world_id": 29497015, "arm": "A2"}
