D7_S_BRANCH=PERSISTENCE_NECESSARY_SOURCE
D7_S_REASON=both margins clear; individual persistence is necessary for optimality on this source
{
  "branch": "PERSISTENCE_NECESSARY_SOURCE",
  "reason": "both margins clear; individual persistence is necessary for optimality on this source",
  "horizon": 1500,
  "energy_stage": "S3",
  "stage_note": "S1 disables battery_enabled and charging_enabled, so the energy dynamics that create roster change are inert there; S2/S3/S4 enable them",
  "check_every": 10,
  "episodes": 8,
  "seed": 3229024,
  "episode_seed_base": 3329024,
  "topology_seed": 20260725,
  "initial_energies": [
    0.55,
    0.6,
    0.65,
    0.7,
    0.75,
    0.8,
    0.85,
    0.9
  ],
  "n_relay": 2,
  "n_service": 6,
  "n_uavs": 8,
  "n_users": 30,
  "focal_stable_uav": 0,
  "focal_flex_uav": 2,
  "external_return": "unclipped mean rate / qos_target, summed over the window; the clipped form was vacuous, see qos_ratio",
  "probe_qos_saturation_fraction": 1.0,
  "arms_all_equal": false,
  "driven_via": "env.step",
  "energy_diagnostics": {
    "constructive": {
      "charge_steps": 783.25,
      "dock_events": 11.375,
      "min_final_battery": 0.23534558828978813,
      "mean_final_battery": 0.3713588065159297
    },
    "null": {
      "charge_steps": 484.125,
      "dock_events": 6.875,
      "min_final_battery": 0.24936589228448258,
      "mean_final_battery": 0.38139572686933354
    },
    "keep_stable": {
      "charge_steps": 760.5,
      "dock_events": 11.375,
      "min_final_battery": 0.23692579398881358,
      "mean_final_battery": 0.3682468104391702
    },
    "set_stable": {
      "charge_steps": 791.25,
      "dock_events": 22.875,
      "min_final_battery": 0.21819593288862868,
      "mean_final_battery": 0.35476290461047977
    },
    "keep_flex": {
      "charge_steps": 783.0,
      "dock_events": 10.75,
      "min_final_battery": 0.23743027344213072,
      "mean_final_battery": 0.38511066286644824
    },
    "set_flex": {
      "charge_steps": 783.25,
      "dock_events": 11.375,
      "min_final_battery": 0.23534558828978813,
      "mean_final_battery": 0.3713588065159297
    }
  },
  "arm_means": {
    "constructive": 2057.771938007607,
    "null": 1902.8095436653684,
    "keep_stable": 2046.0720092141096,
    "set_stable": 1964.7715147877,
    "keep_flex": 2025.465463798762,
    "set_flex": 2057.771938007607
  },
  "b_h": 154.96239434223844,
  "u_star_stable_src": -81.30049442640961,
  "u_star_flex_src": 32.306474208844975,
  "normalized": {
    "stable": -0.5246466071429909,
    "flex": 0.20847944655201503
  },
  "intervals": {
    "b_h": {
      "point": 154.96239434223787,
      "lo": 44.10113421207857,
      "hi": 281.1941403953823,
      "episodes": 8
    },
    "u_star_stable_src": {
      "point": -81.3004944264095,
      "lo": -149.6409250690452,
      "hi": -31.075530115778037,
      "episodes": 8
    },
    "u_star_flex_src": {
      "point": 32.306474208844605,
      "lo": -9.418919248044597,
      "hi": 76.04789358915926,
      "episodes": 8
    },
    "normalized_stable": {
      "point": -0.5246466071429922,
      "lo": -2.380598163554002,
      "hi": -0.13134459815171146,
      "episodes": 8,
      "ratio_sign_stable": false,
      "resamples_with_unusable_denominator": 0
    },
    "normalized_flex": {
      "point": 0.20847944655201342,
      "lo": -0.051815271772486515,
      "hi": 0.8895478979940239,
      "episodes": 8,
      "ratio_sign_stable": false,
      "resamples_with_unusable_denominator": 0
    }
  },
  "intervals_note": "95% percentile bootstrap over EPISODES, the independent unit; arms are CRN-paired within an episode. Diagnostic only -- the branch below is decided on point estimates, as the contract froze it. A normalized interval whose ratio_sign_stable is false is meaningless however narrow: the denominator changed sign across resamples.",
  "per_episode": {
    "constructive": [
      1970.7994446335738,
      1762.3847781336717,
      2363.3545968569447,
      2130.3048750461785,
      2336.3791597864606,
      1936.1446076375914,
      1832.907188286767,
      2129.900853679664
    ],
    "null": [
      1570.871550591932,
      1670.1796109819315,
      2161.8608654849536,
      2048.2927358656225,
      2411.1516132191227,
      1864.6384260075583,
      1812.1377653066418,
      1683.3437818651864
    ],
    "keep_stable": [
      1651.5652109378404,
      2038.2058363459403,
      2358.4400872504143,
      2156.3685731636037,
      2323.714526631376,
      1936.224230390718,
      1836.1252543161097,
      2067.932354676874
    ],
    "set_stable": [
      1636.2579344689868,
      1742.650744458188,
      2265.4424825383935,
      2113.3844578621565,
      2268.26784373291,
      1917.119820780608,
      1716.7604288711882,
      2058.2884055891695
    ],
    "keep_flex": [
      1824.1863748584456,
      1728.0913037111848,
      2389.3754073271307,
      2060.5535831627935,
      2309.6387448949267,
      1931.190791920527,
      1760.9270908929423,
      2199.7604136221444
    ],
    "set_flex": [
      1970.7994446335738,
      1762.3847781336717,
      2363.3545968569447,
      2130.3048750461785,
      2336.3791597864606,
      1936.1446076375914,
      1832.907188286767,
      2129.900853679664
    ]
  },
  "thresholds": {
    "stable_ceiling": -0.1,
    "flex_floor": 0.1
  },
  "contract": "docs/research/designs/D7_S_MAIN_SCENARIO_PERSISTENCE_NECESSITY.md"
}
