=== Task 'mgtap-cond-b01-8212-20260911' started at 2026-09-12T00:45:39+08:00 ===
{
  "assessed_at": "2026-09-11T16:45:39.062552Z",
  "available_physical_bytes": 15632556032,
  "captured_at": "2026-09-11T16:45:39.062280Z",
  "cgroup_headroom_bytes": null,
  "cgroup_memory_current_bytes": null,
  "cgroup_memory_max_bytes": null,
  "effective_available_bytes": 15632556032,
  "effective_floor_pass": true,
  "failure_reasons": [],
  "measurement_source": "/proc/meminfo",
  "minimum_available_bytes": 4294967296,
  "passed": true,
  "physical_floor_pass": true,
  "schema_version": 1
}
{"status": "COMPLETE", "primary": {"complete": true, "reading": "INSIDE_MEI", "errors": {"COND": [], "DENSE": []}, "J": {"COND": [0.2254018610460753, 0.14904417709091553, 0.1969768307419507, 0.2090848164731874, 0.12778743884291233, 0.1888823191671199, 0.16787574136139527, 0.11680840803771897, 0.2313632448967688, 0.17531841615287141, 0.20469351280537992, 0.1685697478586087, 0.18987711604812424, 0.15783224793830136, 0.19574756172652624, 0.17317947444258502, 0.18508402037701113, 0.01916414587819966, 0.21791636617794619, 0.15561591926135757, 0.18130617681216482, 0.10822473405010961, 0.18045548299643263, 0.1554232458349832, 0.17334999576703183, 0.21976736726376636, 0.1888775247319083, 0.14676970650135143, 0.14595803916344144, 0.19294443307792492, 0.03116130411417101, 0.1660045055237668], "DENSE": [0.16799816131938342, 0.14201655377026354, 0.1848423752262188, 0.18973705109841094, 0.15975449552803284, 0.15759128024850394, 0.2023348341133362, 0.17236858207238698, 0.2078588176810819, 0.10449792695626911, 0.13858602915943005, 0.1122042109923187, 0.12951672444150925, 0.1689974665475271, 0.21337721989730074, 0.15822847775022955, 0.17801794108627997, 0.15883960288696203, 0.15533779084934535, 0.19088002515337038, 0.16532647193852598, 0.07884231046025138, 0.1384867370920374, 0.18649003983129295, 0.17856020839322356, 0.18667497110394737, 0.2317923927036139, 0.18140490987757502, 0.07688705449675001, 0.12167314181067353, 0.11948120374595486, 0.2034985900468474]}, "episode_ids": {"COND": [0, 1, 2, 3, 4, 5, 6, 7, 8, 9, 10, 11, 12, 13, 14, 15, 16, 17, 18, 19, 20, 21, 22, 23, 24, 25, 26, 27, 28, 29, 30, 31], "DENSE": [0, 1, 2, 3, 4, 5, 6, 7, 8, 9, 10, 11, 12, 13, 14, 15, 16, 17, 18, 19, 20, 21, 22, 23, 24, 25, 26, 27, 28, 29, 30, 31]}, "COND_minus_DENSE": {"episode_ids": [0, 1, 2, 3, 4, 5, 6, 7, 8, 9, 10, 11, 12, 13, 14, 15, 16, 17, 18, 19, 20, 21, 22, 23, 24, 25, 26, 27, 28, 29, 30, 31], "differences": [0.057403699726691876, 0.007027623320651988, 0.01213445551573189, 0.019347765374776477, -0.03196705668512051, 0.031291038918615954, -0.03445909275194092, -0.05556017403466801, 0.023504427215686907, 0.0708204891966023, 0.06610748364594987, 0.056365536866290006, 0.060360391606614994, -0.01116521860922573, -0.017629658170774498, 0.014950996692355473, 0.007066079290731164, -0.13967545700876238, 0.06257857532860084, -0.035264105892012815, 0.01597970487363884, 0.029382423589858236, 0.04196874590439523, -0.03106679399630974, -0.005210212626191729, 0.03309239615981899, -0.0429148679717056, -0.03463520337622358, 0.06907098466669143, 0.07127129126725139, -0.08831989963178385, -0.03749408452308059], "complete": true, "mean": 0.005761321371348559, "conditional_se": 0.00888326841451271}}}
MGTAP_NATIVE_WALL_SECONDS=364.79
MGTAP_NATIVE_PEAK_RSS_KIB=559056
MGTAP_NATIVE_EXIT=0
=== Task 'mgtap-cond-b01-8212-20260911' exited with code 0 at 2026-09-12T00:51:43+08:00 (Duration: 364s) ===
