=== Task 'frrie-a04-system312-p11-d6844bb25f6f' started at 2026-09-08T05:38:13+08:00 ===
Using CPython 3.12.3 interpreter at: /usr/bin/python3.12
Creating virtual environment at: /home/wu/.venvs/hmasd-frrie-system312-a04-20260907
Activate with: source /home/wu/.venvs/hmasd-frrie-system312-a04-20260907/bin/activate
Using Python 3.12.3 environment at: /home/wu/.venvs/hmasd-frrie-system312-a04-20260907
Resolved 1 package in 362ms
Downloading numpy (17.1MiB)
 Downloaded numpy
Prepared 1 package in 5.10s
Installed 1 package in 16ms
 + numpy==1.26.3
{
  "assessed_at": "2026-09-07T21:38:19.414305Z",
  "available_physical_bytes": 15664181248,
  "captured_at": "2026-09-07T21:38:19.413996Z",
  "cgroup_headroom_bytes": null,
  "cgroup_memory_current_bytes": null,
  "cgroup_memory_max_bytes": null,
  "effective_available_bytes": 15664181248,
  "effective_floor_pass": true,
  "failure_reasons": [],
  "measurement_source": "/proc/meminfo",
  "minimum_available_bytes": 4294967296,
  "passed": true,
  "physical_floor_pass": true,
  "schema_version": 1
}
=== Task 'frrie-a04-system312-p11-d6844bb25f6f' exited with code 0 at 2026-09-08T05:38:29+08:00 (Duration: 16s) ===
