=== Task 'acvc-training-use-b01-f-a4c24e4ee' started at 2026-09-13T01:22:40+08:00 ===
{
  "assessed_at": "2026-09-12T17:22:40.996660Z",
  "available_physical_bytes": 15326814208,
  "captured_at": "2026-09-12T17:22:40.996279Z",
  "cgroup_headroom_bytes": null,
  "cgroup_memory_current_bytes": null,
  "cgroup_memory_max_bytes": null,
  "effective_available_bytes": 15326814208,
  "effective_floor_pass": true,
  "failure_reasons": [],
  "measurement_source": "/proc/meminfo",
  "minimum_available_bytes": 4294967296,
  "passed": true,
  "physical_floor_pass": true,
  "schema_version": 1
}
{"rollouts": 16, "training_episodes": 32, "optimizer_steps": 64, "process_wall_s": 11.326676984899677}
{"rollouts": 32, "training_episodes": 64, "optimizer_steps": 128, "process_wall_s": 20.89676353498362}
{"rollouts": 48, "training_episodes": 96, "optimizer_steps": 192, "process_wall_s": 30.689184753922746}
{"rollouts": 64, "training_episodes": 128, "optimizer_steps": 256, "process_wall_s": 40.221775721991435}
{"rollouts": 80, "training_episodes": 160, "optimizer_steps": 320, "process_wall_s": 49.62168309092522}
{"rollouts": 96, "training_episodes": 192, "optimizer_steps": 384, "process_wall_s": 59.199642928899266}
{"rollouts": 112, "training_episodes": 224, "optimizer_steps": 448, "process_wall_s": 68.78595134196803}
{"rollouts": 128, "training_episodes": 256, "optimizer_steps": 512, "process_wall_s": 78.6152899939334}
{"rollouts": 144, "training_episodes": 288, "optimizer_steps": 576, "process_wall_s": 88.2471577579854}
{"rollouts": 160, "training_episodes": 320, "optimizer_steps": 640, "process_wall_s": 97.94650468591135}
{"rollouts": 176, "training_episodes": 352, "optimizer_steps": 704, "process_wall_s": 107.3745281669544}
{"rollouts": 192, "training_episodes": 384, "optimizer_steps": 768, "process_wall_s": 116.8803163979901}
{"rollouts": 208, "training_episodes": 416, "optimizer_steps": 832, "process_wall_s": 126.46037395694293}
{"rollouts": 224, "training_episodes": 448, "optimizer_steps": 896, "process_wall_s": 135.65619327197783}
{"rollouts": 240, "training_episodes": 480, "optimizer_steps": 960, "process_wall_s": 144.59083660296164}
{"rollouts": 256, "training_episodes": 512, "optimizer_steps": 1024, "process_wall_s": 153.4249899869319}
{"completed_arm": "F", "evaluation_episodes": 64, "process_wall_s": 166.16084631497506}
=== Task 'acvc-training-use-b01-f-a4c24e4ee' exited with code 0 at 2026-09-13T01:25:34+08:00 (Duration: 174s) ===
