=== Task 'vnfc_b01_seed02_33e08f440_20260905_01' started at 2026-09-06T08:42:11+08:00 ===
{
  "assessed_at": "2026-09-06T00:42:11.800843Z",
  "available_physical_bytes": 15673942016,
  "captured_at": "2026-09-06T00:42:11.800484Z",
  "cgroup_headroom_bytes": null,
  "cgroup_memory_current_bytes": null,
  "cgroup_memory_max_bytes": null,
  "effective_available_bytes": 15673942016,
  "effective_floor_pass": true,
  "failure_reasons": [],
  "measurement_source": "/proc/meminfo",
  "minimum_available_bytes": 4294967296,
  "passed": true,
  "physical_floor_pass": true,
  "schema_version": 1
}
{"arm": "MAPR", "round": 1, "actual_transitions": 192, "optimizer_steps": 32, "parameters": {"count": 89090, "norm": 33.37744603260839, "max_abs": 0.9110671566190074, "rms": 0.11182492688965559, "displacement_norm": 1.300741846605038, "relative_displacement": 0.03904177765412402}}
{"arm": "DIRECT", "round": 1, "actual_transitions": 192, "optimizer_steps": 32, "parameters": {"count": 148739, "norm": 38.71083487258074, "max_abs": 0.9155890599898909, "rms": 0.10037374059146546, "displacement_norm": 1.3666784904892244, "relative_displacement": 0.03535827192880684, "residual_parameter_norm": 19.626890093520846, "residual_output_parameter_norm": 0.03349751866903659}}
{"arm": "MAPR", "round": 2, "actual_transitions": 192, "optimizer_steps": 32, "parameters": {"count": 89090, "norm": 33.47823877499511, "max_abs": 0.9097795860024374, "rms": 0.1121626142321021, "displacement_norm": 2.3557032294554827, "relative_displacement": 0.07070645258592131}}
{"arm": "DIRECT", "round": 2, "actual_transitions": 192, "optimizer_steps": 32, "parameters": {"count": 148739, "norm": 38.77391437504748, "max_abs": 0.9156862712513708, "rms": 0.10053730011267124, "displacement_norm": 2.10121051119893, "relative_displacement": 0.054361851124212726, "residual_parameter_norm": 19.685046564229307, "residual_output_parameter_norm": 0.057414027667311233}}
{"arm": "MAPR", "round": 3, "actual_transitions": 192, "optimizer_steps": 32, "parameters": {"count": 89090, "norm": 33.540935311792786, "max_abs": 0.9131887855512476, "rms": 0.11237266732114864, "displacement_norm": 2.8534870753635335, "relative_displacement": 0.08564743897955579}}
{"arm": "DIRECT", "round": 3, "actual_transitions": 192, "optimizer_steps": 32, "parameters": {"count": 148739, "norm": 38.869979674990255, "max_abs": 0.9205131495125098, "rms": 0.10078638886335399, "displacement_norm": 2.981009656025926, "relative_displacement": 0.07712373522644146, "residual_parameter_norm": 19.778199542131116, "residual_output_parameter_norm": 0.08705092290513392}}
{"arm": "MAPR", "round": 4, "actual_transitions": 192, "optimizer_steps": 32, "parameters": {"count": 89090, "norm": 33.54243859000237, "max_abs": 0.9107640003828693, "rms": 0.11237770377527749, "displacement_norm": 2.880909374217341, "relative_displacement": 0.08647051951425959}}
{"arm": "DIRECT", "round": 4, "actual_transitions": 192, "optimizer_steps": 32, "parameters": {"count": 148739, "norm": 38.95087360409226, "max_abs": 0.92009233561398, "rms": 0.10099613960321364, "displacement_norm": 3.6256732901374047, "relative_displacement": 0.09380226806071981, "residual_parameter_norm": 19.86230164273286, "residual_output_parameter_norm": 0.10553063377880739}}
{"arm": "MAPR", "round": 5, "actual_transitions": 192, "optimizer_steps": 32, "parameters": {"count": 89090, "norm": 33.58317964315891, "max_abs": 0.9103053236721651, "rms": 0.112514199098682, "displacement_norm": 3.154731296928671, "relative_displacement": 0.09468928686707666}}
{"arm": "DIRECT", "round": 5, "actual_transitions": 192, "optimizer_steps": 32, "parameters": {"count": 148739, "norm": 39.037113751159126, "max_abs": 0.9206662389508922, "rms": 0.10121975260920414, "displacement_norm": 4.232340354294055, "relative_displacement": 0.10949776570261446, "residual_parameter_norm": 19.955482051103868, "residual_output_parameter_norm": 0.13076449373286203}}
{"arm": "MAPR", "round": 6, "actual_transitions": 192, "optimizer_steps": 32, "parameters": {"count": 89090, "norm": 33.6145075213608, "max_abs": 0.9093435401563059, "rms": 0.11261915732964169, "displacement_norm": 3.3984715796851144, "relative_displacement": 0.1020051535392895}}
{"arm": "DIRECT", "round": 6, "actual_transitions": 192, "optimizer_steps": 32, "parameters": {"count": 148739, "norm": 39.06723384282605, "max_abs": 0.9223850051684231, "rms": 0.10129785131922986, "displacement_norm": 4.391643385359653, "relative_displacement": 0.11361920313702104, "residual_parameter_norm": 19.970149116935378, "residual_output_parameter_norm": 0.13402848737150655}}
{"arm": "MAPR", "round": 7, "actual_transitions": 192, "optimizer_steps": 32, "parameters": {"count": 89090, "norm": 33.65044995589526, "max_abs": 0.9105588871098316, "rms": 0.11273957577358512, "displacement_norm": 3.638974906960741, "relative_displacement": 0.1092238629650524}}
{"arm": "DIRECT", "round": 7, "actual_transitions": 192, "optimizer_steps": 32, "parameters": {"count": 148739, "norm": 39.1418387183392, "max_abs": 0.9190961173795108, "rms": 0.1014912951043165, "displacement_norm": 4.781646699750615, "relative_displacement": 0.1237092450447087, "residual_parameter_norm": 20.0277371564104, "residual_output_parameter_norm": 0.14396857494777265}}
{"arm": "MAPR", "round": 8, "actual_transitions": 192, "optimizer_steps": 32, "parameters": {"count": 89090, "norm": 33.683546459880716, "max_abs": 0.9097989581200562, "rms": 0.1128504594563828, "displacement_norm": 3.8256803430331923, "relative_displacement": 0.11482782822609337}}
{"arm": "DIRECT", "round": 8, "actual_transitions": 192, "optimizer_steps": 32, "parameters": {"count": 148739, "norm": 39.16936235385067, "max_abs": 0.9176610954678602, "rms": 0.10156266143521729, "displacement_norm": 4.948032748875337, "relative_displacement": 0.1280139320731888, "residual_parameter_norm": 20.05231024714964, "residual_output_parameter_norm": 0.15424607696305795}}
{"arm": "MAPR", "round": 9, "actual_transitions": 192, "optimizer_steps": 32, "parameters": {"count": 89090, "norm": 33.71578391983721, "max_abs": 0.9100597876253198, "rms": 0.11295846507188798, "displacement_norm": 4.00671202406956, "relative_displacement": 0.12026149568118545}}
{"arm": "DIRECT", "round": 9, "actual_transitions": 192, "optimizer_steps": 32, "parameters": {"count": 148739, "norm": 39.200035358194654, "max_abs": 0.9169984056686699, "rms": 0.10164219379847728, "displacement_norm": 5.117278411827326, "relative_displacement": 0.1323926021225619, "residual_parameter_norm": 20.088601315934778, "residual_output_parameter_norm": 0.16864997582551106}}
{"arm": "MAPR", "round": 10, "actual_transitions": 192, "optimizer_steps": 32, "parameters": {"count": 89090, "norm": 33.75062282611723, "max_abs": 0.9104180017192851, "rms": 0.11307518634959968, "displacement_norm": 4.210335883863787, "relative_displacement": 0.1263732675749782}}
{"arm": "DIRECT", "round": 10, "actual_transitions": 192, "optimizer_steps": 32, "parameters": {"count": 148739, "norm": 39.24035976298346, "max_abs": 0.9170223061602092, "rms": 0.10174675138187995, "displacement_norm": 5.325626990392418, "relative_displacement": 0.13778293038787895, "residual_parameter_norm": 20.12379283414761, "residual_output_parameter_norm": 0.18101516157089279}}
{"arm": "MAPR", "round": 11, "actual_transitions": 192, "optimizer_steps": 32, "parameters": {"count": 89090, "norm": 33.774383658411296, "max_abs": 0.9107671086852712, "rms": 0.11315479260022548, "displacement_norm": 4.343735144326777, "relative_displacement": 0.13037724751904933}}
{"arm": "DIRECT", "round": 11, "actual_transitions": 192, "optimizer_steps": 32, "parameters": {"count": 148739, "norm": 39.29799348535009, "max_abs": 0.913945203016761, "rms": 0.1018961904812223, "displacement_norm": 5.58805933968129, "relative_displacement": 0.14457249679552026, "residual_parameter_norm": 20.169635055949964, "residual_output_parameter_norm": 0.19156917861660344}}
{"arm": "MAPR", "round": 12, "actual_transitions": 192, "optimizer_steps": 32, "parameters": {"count": 89090, "norm": 33.78564521630004, "max_abs": 0.9087776548569755, "rms": 0.11319252235601153, "displacement_norm": 4.4044971082201325, "relative_displacement": 0.13220101838514695}}
{"arm": "DIRECT", "round": 12, "actual_transitions": 192, "optimizer_steps": 32, "parameters": {"count": 148739, "norm": 39.34158565167263, "max_abs": 0.9141103416573283, "rms": 0.10200922107869406, "displacement_norm": 5.796939613918741, "relative_displacement": 0.14997658092243712, "residual_parameter_norm": 20.188939713992976, "residual_output_parameter_norm": 0.19766679984857563}}
{"arm": "MAPR", "round": 13, "actual_transitions": 192, "optimizer_steps": 32, "parameters": {"count": 89090, "norm": 33.80645045053773, "max_abs": 0.9078791455161, "rms": 0.11326222642489923, "displacement_norm": 4.526301914352961, "relative_displacement": 0.13585699068330392}}
{"arm": "DIRECT", "round": 13, "actual_transitions": 192, "optimizer_steps": 32, "parameters": {"count": 148739, "norm": 39.3674828988773, "max_abs": 0.9151855062372484, "rms": 0.10207637032984068, "displacement_norm": 5.940694860991964, "relative_displacement": 0.15369577102645957, "residual_parameter_norm": 20.21979837220464, "residual_output_parameter_norm": 0.20936799480096643}}
{"arm": "MAPR", "round": 14, "actual_transitions": 192, "optimizer_steps": 32, "parameters": {"count": 89090, "norm": 33.86037203548894, "max_abs": 0.9107534573480159, "rms": 0.11344288066935677, "displacement_norm": 4.778457993033992, "relative_displacement": 0.14342545754219319}}
{"arm": "DIRECT", "round": 14, "actual_transitions": 192, "optimizer_steps": 32, "parameters": {"count": 148739, "norm": 39.42094108292576, "max_abs": 0.9149655779264704, "rms": 0.10221498263091434, "displacement_norm": 6.189474049607159, "relative_displacement": 0.16013210719659654, "residual_parameter_norm": 20.261174073401712, "residual_output_parameter_norm": 0.22204998097816}}
{"arm": "MAPR", "round": 15, "actual_transitions": 192, "optimizer_steps": 32, "parameters": {"count": 89090, "norm": 33.90791921182332, "max_abs": 0.9123216876581773, "rms": 0.11360217864297066, "displacement_norm": 5.017312676407145, "relative_displacement": 0.15059468290711864}}
{"arm": "DIRECT", "round": 15, "actual_transitions": 192, "optimizer_steps": 32, "parameters": {"count": 148739, "norm": 39.467907423255724, "max_abs": 0.9158059043692222, "rms": 0.10233676216050412, "displacement_norm": 6.395883574146297, "relative_displacement": 0.1654722688718842, "residual_parameter_norm": 20.302998666963667, "residual_output_parameter_norm": 0.2367645904159377}}
{"arm": "MAPR", "round": 16, "actual_transitions": 192, "optimizer_steps": 32, "parameters": {"count": 89090, "norm": 33.928697779493746, "max_abs": 0.9138219699074672, "rms": 0.11367179337048297, "displacement_norm": 5.132665492304894, "relative_displacement": 0.1540569986631708}}
{"arm": "DIRECT", "round": 16, "actual_transitions": 192, "optimizer_steps": 32, "parameters": {"count": 148739, "norm": 39.47438710078231, "max_abs": 0.9173409089194299, "rms": 0.102353563386138, "displacement_norm": 6.424656211304699, "relative_displacement": 0.16621666540394017, "residual_parameter_norm": 20.310764004623305, "residual_output_parameter_norm": 0.23256747731268387}}
{"arm": "MAPR", "round": 17, "actual_transitions": 192, "optimizer_steps": 32, "parameters": {"count": 89090, "norm": 33.98319075994622, "max_abs": 0.9158002359442119, "rms": 0.11385436196932495, "displacement_norm": 5.382194064300785, "relative_displacement": 0.1615466008864264}}
{"arm": "DIRECT", "round": 17, "actual_transitions": 192, "optimizer_steps": 32, "parameters": {"count": 148739, "norm": 39.525759295552675, "max_abs": 0.9178291918797951, "rms": 0.1024867669031499, "displacement_norm": 6.631639370564179, "relative_displacement": 0.17157166797455972, "residual_parameter_norm": 20.346324007836856, "residual_output_parameter_norm": 0.2396769249291151}}
{"arm": "MAPR", "round": 18, "actual_transitions": 192, "optimizer_steps": 32, "parameters": {"count": 89090, "norm": 34.05770287778549, "max_abs": 0.9184415183816977, "rms": 0.1141040009657188, "displacement_norm": 5.714420493925821, "relative_displacement": 0.17151838001392808}}
{"arm": "DIRECT", "round": 18, "actual_transitions": 192, "optimizer_steps": 32, "parameters": {"count": 148739, "norm": 39.55181109726355, "max_abs": 0.9173309565960347, "rms": 0.10255431690033996, "displacement_norm": 6.737050819256326, "relative_displacement": 0.174298839502614, "residual_parameter_norm": 20.358431552506136, "residual_output_parameter_norm": 0.24328910242595583}}
{"arm": "MAPR", "round": 19, "actual_transitions": 192, "optimizer_steps": 32, "parameters": {"count": 89090, "norm": 34.100952436293824, "max_abs": 0.915753766026584, "rms": 0.11424890056988501, "displacement_norm": 5.9066891124339, "relative_displacement": 0.17728932424336927}}
{"arm": "DIRECT", "round": 19, "actual_transitions": 192, "optimizer_steps": 32, "parameters": {"count": 148739, "norm": 39.57638937766164, "max_abs": 0.9187394489451832, "rms": 0.10261804618825077, "displacement_norm": 6.842430195240722, "relative_displacement": 0.17702518125575775, "residual_parameter_norm": 20.369650312208325, "residual_output_parameter_norm": 0.2437493424666678}}
{"arm": "MAPR", "round": 20, "actual_transitions": 192, "optimizer_steps": 32, "parameters": {"count": 89090, "norm": 34.168561017362265, "max_abs": 0.9163824371252824, "rms": 0.11447541054993879, "displacement_norm": 6.179057353570786, "relative_displacement": 0.18546445933129269}}
{"arm": "DIRECT", "round": 20, "actual_transitions": 192, "optimizer_steps": 32, "parameters": {"count": 148739, "norm": 39.61095406832881, "max_abs": 0.9192288629902361, "rms": 0.10270766934688505, "displacement_norm": 6.990413336331281, "relative_displacement": 0.18085375409126492, "residual_parameter_norm": 20.407666947769307, "residual_output_parameter_norm": 0.2507901837082775}}
{"arm": "MAPR", "round": 21, "actual_transitions": 192, "optimizer_steps": 32, "parameters": {"count": 89090, "norm": 34.23780246741653, "max_abs": 0.9182118323961063, "rms": 0.11470739115392171, "displacement_norm": 6.4603431347431055, "relative_displacement": 0.1939072544596721}}
{"arm": "DIRECT", "round": 21, "actual_transitions": 192, "optimizer_steps": 32, "parameters": {"count": 148739, "norm": 39.65323857367128, "max_abs": 0.9189638071565522, "rms": 0.10281730929612028, "displacement_norm": 7.149378051626037, "relative_displacement": 0.1849664387274776, "residual_parameter_norm": 20.449796958903182, "residual_output_parameter_norm": 0.2624445827583152}}
{"arm": "MAPR", "round": 22, "actual_transitions": 192, "optimizer_steps": 32, "parameters": {"count": 89090, "norm": 34.2729877178191, "max_abs": 0.9199630649956156, "rms": 0.11482527279321843, "displacement_norm": 6.613127456193617, "relative_displacement": 0.19849307717512926}}
{"arm": "DIRECT", "round": 22, "actual_transitions": 192, "optimizer_steps": 32, "parameters": {"count": 148739, "norm": 39.65955375246212, "max_abs": 0.9146929860647411, "rms": 0.10283368399121086, "displacement_norm": 7.174658116753537, "relative_displacement": 0.1856204765449866, "residual_parameter_norm": 20.44775850775091, "residual_output_parameter_norm": 0.2599819713394096}}
{"arm": "MAPR", "round": 23, "actual_transitions": 192, "optimizer_steps": 32, "parameters": {"count": 89090, "norm": 34.3054156130253, "max_abs": 0.9208087658840426, "rms": 0.11493391642661915, "displacement_norm": 6.73868404792024, "relative_displacement": 0.20226165934998178}}
{"arm": "DIRECT", "round": 23, "actual_transitions": 192, "optimizer_steps": 32, "parameters": {"count": 148739, "norm": 39.67057678449759, "max_abs": 0.9159074633819696, "rms": 0.10286226572967508, "displacement_norm": 7.221526857489347, "relative_displacement": 0.18683304972253348, "residual_parameter_norm": 20.4487126484354, "residual_output_parameter_norm": 0.25910728191088306}}
{"arm": "MAPR", "round": 24, "actual_transitions": 192, "optimizer_steps": 32, "parameters": {"count": 89090, "norm": 34.356437451700366, "max_abs": 0.9212881884938922, "rms": 0.11510485561034342, "displacement_norm": 6.944841878185402, "relative_displacement": 0.20844948838913854}}
{"arm": "DIRECT", "round": 24, "actual_transitions": 192, "optimizer_steps": 32, "parameters": {"count": 148739, "norm": 39.71314504317549, "max_abs": 0.916600545501418, "rms": 0.1029726414259893, "displacement_norm": 7.359871700808844, "relative_displacement": 0.1904122635786672, "residual_parameter_norm": 20.491624419024998, "residual_output_parameter_norm": 0.27383612812348196}}
{"arm": "MAPR", "round": 25, "actual_transitions": 192, "optimizer_steps": 32, "parameters": {"count": 89090, "norm": 34.39582525394634, "max_abs": 0.9215959765693293, "rms": 0.11523681711818907, "displacement_norm": 7.092890279919582, "relative_displacement": 0.2128931624337927}}
{"arm": "DIRECT", "round": 25, "actual_transitions": 192, "optimizer_steps": 32, "parameters": {"count": 148739, "norm": 39.77093914932528, "max_abs": 0.9181341602112042, "rms": 0.10312249638617008, "displacement_norm": 7.581531518743524, "relative_displacement": 0.1961469760020834, "residual_parameter_norm": 20.53472024744039, "residual_output_parameter_norm": 0.28803441122768764}}
{"arm": "MAPR", "round": 26, "actual_transitions": 192, "optimizer_steps": 32, "parameters": {"count": 89090, "norm": 34.429302205418516, "max_abs": 0.9220433479665182, "rms": 0.11534897541955244, "displacement_norm": 7.223622632460976, "relative_displacement": 0.21681709511378083}}
{"arm": "DIRECT", "round": 26, "actual_transitions": 192, "optimizer_steps": 32, "parameters": {"count": 148739, "norm": 39.79259636850362, "max_abs": 0.9183213131241402, "rms": 0.10317865162298928, "displacement_norm": 7.648858939130742, "relative_displacement": 0.1978888496430918, "residual_parameter_norm": 20.550809793382307, "residual_output_parameter_norm": 0.2913820055795037}}
{"arm": "MAPR", "round": 27, "actual_transitions": 192, "optimizer_steps": 32, "parameters": {"count": 89090, "norm": 34.47457440750589, "max_abs": 0.922708736937019, "rms": 0.11550065151494956, "displacement_norm": 7.3920959496157055, "relative_displacement": 0.22187382316952461}}
{"arm": "DIRECT", "round": 27, "actual_transitions": 192, "optimizer_steps": 32, "parameters": {"count": 148739, "norm": 39.82336200203886, "max_abs": 0.9177718329131266, "rms": 0.10325842416547676, "displacement_norm": 7.763358551806424, "relative_displacement": 0.20085114726385891, "residual_parameter_norm": 20.576736658081092, "residual_output_parameter_norm": 0.29976313536723026}}
{"arm": "MAPR", "round": 28, "actual_transitions": 192, "optimizer_steps": 32, "parameters": {"count": 89090, "norm": 34.4827341562892, "max_abs": 0.922318034034362, "rms": 0.1155279892360634, "displacement_norm": 7.437677408217231, "relative_displacement": 0.22324195103941374}}
{"arm": "DIRECT", "round": 28, "actual_transitions": 192, "optimizer_steps": 32, "parameters": {"count": 148739, "norm": 39.84414923874828, "max_abs": 0.9213920287617929, "rms": 0.10331232361538405, "displacement_norm": 7.849956870213235, "relative_displacement": 0.2030915914591205, "residual_parameter_norm": 20.59586319063467, "residual_output_parameter_norm": 0.30753135007347765}}
{"arm": "MAPR", "round": 29, "actual_transitions": 192, "optimizer_steps": 32, "parameters": {"count": 89090, "norm": 34.48983940059311, "max_abs": 0.9221278031369665, "rms": 0.11555179403598854, "displacement_norm": 7.464972477760035, "relative_displacement": 0.2240612127852593}}
{"arm": "DIRECT", "round": 29, "actual_transitions": 192, "optimizer_steps": 32, "parameters": {"count": 148739, "norm": 39.87851502024075, "max_abs": 0.9258291366009345, "rms": 0.10340143102027735, "displacement_norm": 7.982135159146579, "relative_displacement": 0.20651126617831256, "residual_parameter_norm": 20.612647113863073, "residual_output_parameter_norm": 0.3138937620205552}}
{"arm": "MAPR", "round": 30, "actual_transitions": 192, "optimizer_steps": 32, "parameters": {"count": 89090, "norm": 34.5189063146544, "max_abs": 0.9223789063312879, "rms": 0.11564917732698796, "displacement_norm": 7.572093657656304, "relative_displacement": 0.22727645591630272}}
{"arm": "DIRECT", "round": 30, "actual_transitions": 192, "optimizer_steps": 32, "parameters": {"count": 148739, "norm": 39.884686076374116, "max_abs": 0.9277548484494992, "rms": 0.10341743201817741, "displacement_norm": 8.01415566035076, "relative_displacement": 0.2073396904176293, "residual_parameter_norm": 20.613764993901224, "residual_output_parameter_norm": 0.3112867495201146}}
{"arm": "MAPR", "round": 31, "actual_transitions": 192, "optimizer_steps": 32, "parameters": {"count": 89090, "norm": 34.551974921417894, "max_abs": 0.9237445906844003, "rms": 0.11575996754533055, "displacement_norm": 7.680737319011268, "relative_displacement": 0.23053739634135417}}
{"arm": "DIRECT", "round": 31, "actual_transitions": 192, "optimizer_steps": 32, "parameters": {"count": 148739, "norm": 39.880940418642766, "max_abs": 0.9243201915785952, "rms": 0.10340771986191137, "displacement_norm": 7.997783851752969, "relative_displacement": 0.20691612418431585, "residual_parameter_norm": 20.610466504920893, "residual_output_parameter_norm": 0.3079496437791594}}
{"arm": "MAPR", "round": 32, "actual_transitions": 192, "optimizer_steps": 32, "parameters": {"count": 89090, "norm": 34.59525278739649, "max_abs": 0.9245781860718685, "rms": 0.11590496198841253, "displacement_norm": 7.826466894122967, "relative_displacement": 0.2349114707850962}}
{"arm": "DIRECT", "round": 32, "actual_transitions": 192, "optimizer_steps": 32, "parameters": {"count": 148739, "norm": 39.90591126980564, "max_abs": 0.9213389433515218, "rms": 0.10347246705078551, "displacement_norm": 8.078541810320393, "relative_displacement": 0.2090054684443694, "residual_parameter_norm": 20.629227589815365, "residual_output_parameter_norm": 0.3134385499369694}}
{"arm": "MAPR", "round": 33, "actual_transitions": 192, "optimizer_steps": 32, "parameters": {"count": 89090, "norm": 34.62028325127858, "max_abs": 0.9252005886050702, "rms": 0.1159888219036048, "displacement_norm": 7.896726333718772, "relative_displacement": 0.23702030846565686}}
{"arm": "DIRECT", "round": 33, "actual_transitions": 192, "optimizer_steps": 32, "parameters": {"count": 148739, "norm": 39.938208638927364, "max_abs": 0.9221298229063741, "rms": 0.10355621124696938, "displacement_norm": 8.191654789520147, "relative_displacement": 0.21193189152416095, "residual_parameter_norm": 20.65103516052632, "residual_output_parameter_norm": 0.3231898089518993}}
{"arm": "MAPR", "round": 34, "actual_transitions": 192, "optimizer_steps": 32, "parameters": {"count": 89090, "norm": 34.65949233972365, "max_abs": 0.9258082605000469, "rms": 0.11612018466408972, "displacement_norm": 8.00700175279392, "relative_displacement": 0.24033022611263988}}
{"arm": "DIRECT", "round": 34, "actual_transitions": 192, "optimizer_steps": 32, "parameters": {"count": 148739, "norm": 39.96263664827609, "max_abs": 0.9241530437367452, "rms": 0.10361955089545812, "displacement_norm": 8.275652818413485, "relative_displacement": 0.21410506185482978, "residual_parameter_norm": 20.664300664759747, "residual_output_parameter_norm": 0.3257986640617609}}
{"arm": "MAPR", "round": 35, "actual_transitions": 192, "optimizer_steps": 32, "parameters": {"count": 89090, "norm": 34.6732952846437, "max_abs": 0.9259948241965544, "rms": 0.11616642886459082, "displacement_norm": 8.0383124738128, "relative_displacement": 0.24127001767189507}}
{"arm": "DIRECT", "round": 35, "actual_transitions": 192, "optimizer_steps": 32, "parameters": {"count": 148739, "norm": 39.971946000488096, "max_abs": 0.9268928987235473, "rms": 0.10364368921505464, "displacement_norm": 8.307283034993707, "relative_displacement": 0.21492338877428704, "residual_parameter_norm": 20.664360654080863, "residual_output_parameter_norm": 0.32274059655987203}}
{"arm": "MAPR", "round": 36, "actual_transitions": 192, "optimizer_steps": 32, "parameters": {"count": 89090, "norm": 34.70449521006767, "max_abs": 0.9272133935988792, "rms": 0.11627095841355899, "displacement_norm": 8.135993353203192, "relative_displacement": 0.2442019101024897}}
{"arm": "DIRECT", "round": 36, "actual_transitions": 192, "optimizer_steps": 32, "parameters": {"count": 148739, "norm": 39.989246109647304, "max_abs": 0.9271049104800987, "rms": 0.10368854685438653, "displacement_norm": 8.377805595248791, "relative_displacement": 0.21674792605936738, "residual_parameter_norm": 20.67050139972489, "residual_output_parameter_norm": 0.3214960166298072}}
{"arm": "MAPR", "round": 37, "actual_transitions": 192, "optimizer_steps": 32, "parameters": {"count": 89090, "norm": 34.76954778796474, "max_abs": 0.9280071790676387, "rms": 0.11648890498023809, "displacement_norm": 8.336417064628833, "relative_displacement": 0.250217629515621}}
{"arm": "DIRECT", "round": 37, "actual_transitions": 192, "optimizer_steps": 32, "parameters": {"count": 148739, "norm": 39.99886001838795, "max_abs": 0.9297906180406474, "rms": 0.10371347486188572, "displacement_norm": 8.401243174092848, "relative_displacement": 0.217354295656817, "residual_parameter_norm": 20.675995178410346, "residual_output_parameter_norm": 0.3228843999750784}}
{"arm": "MAPR", "round": 38, "actual_transitions": 192, "optimizer_steps": 32, "parameters": {"count": 89090, "norm": 34.770001855738215, "max_abs": 0.9272490506748828, "rms": 0.11649042624988591, "displacement_norm": 8.342281956467263, "relative_displacement": 0.2503936642943275}}
{"arm": "DIRECT", "round": 38, "actual_transitions": 192, "optimizer_steps": 32, "parameters": {"count": 148739, "norm": 40.00921776757369, "max_abs": 0.9278486661324095, "rms": 0.1037403315812849, "displacement_norm": 8.435369608856664, "relative_displacement": 0.21823720394046736, "residual_parameter_norm": 20.670861563760475, "residual_output_parameter_norm": 0.31958892414698675}}
{"arm": "MAPR", "round": 39, "actual_transitions": 192, "optimizer_steps": 32, "parameters": {"count": 89090, "norm": 34.795800187451626, "max_abs": 0.926245873649413, "rms": 0.11657685876347335, "displacement_norm": 8.431774516454475, "relative_displacement": 0.25307978424798194}}
{"arm": "DIRECT", "round": 39, "actual_transitions": 192, "optimizer_steps": 32, "parameters": {"count": 148739, "norm": 40.0345866883953, "max_abs": 0.9306975906399514, "rms": 0.10380611092926371, "displacement_norm": 8.513357741474442, "relative_displacement": 0.22025488814308633, "residual_parameter_norm": 20.692213120039096, "residual_output_parameter_norm": 0.3287415596851808}}
{"arm": "MAPR", "round": 40, "actual_transitions": 192, "optimizer_steps": 32, "parameters": {"count": 89090, "norm": 34.83032656279008, "max_abs": 0.9258533646407587, "rms": 0.1166925329643758, "displacement_norm": 8.552313384736635, "relative_displacement": 0.25669775941072065}}
{"arm": "DIRECT", "round": 40, "actual_transitions": 192, "optimizer_steps": 32, "parameters": {"count": 148739, "norm": 40.07946305541467, "max_abs": 0.9339065442080612, "rms": 0.10392247134455096, "displacement_norm": 8.663131954810982, "relative_displacement": 0.22412979903100175, "residual_parameter_norm": 20.71871163234795, "residual_output_parameter_norm": 0.33960164656031155}}
{"arm": "MAPR", "round": 41, "actual_transitions": 192, "optimizer_steps": 32, "parameters": {"count": 89090, "norm": 34.888535147905884, "max_abs": 0.9272797523078891, "rms": 0.11688755000578054, "displacement_norm": 8.739318367578653, "relative_displacement": 0.26231071557061286}}
{"arm": "DIRECT", "round": 41, "actual_transitions": 192, "optimizer_steps": 32, "parameters": {"count": 148739, "norm": 40.12242238310594, "max_abs": 0.9374599401301608, "rms": 0.10403386104792109, "displacement_norm": 8.807183935843375, "relative_displacement": 0.22785666614179045, "residual_parameter_norm": 20.738133213323245, "residual_output_parameter_norm": 0.34496289561489907}}
{"arm": "MAPR", "round": 42, "actual_transitions": 192, "optimizer_steps": 32, "parameters": {"count": 89090, "norm": 34.91999535103281, "max_abs": 0.9274763803330647, "rms": 0.11699295156679768, "displacement_norm": 8.833469564965526, "relative_displacement": 0.26513666456567425}}
{"arm": "DIRECT", "round": 42, "actual_transitions": 192, "optimizer_steps": 32, "parameters": {"count": 148739, "norm": 40.156682550058676, "max_abs": 0.9400952231397552, "rms": 0.104122694603737, "displacement_norm": 8.917751183829326, "relative_displacement": 0.23071722687199384, "residual_parameter_norm": 20.76713890527573, "residual_output_parameter_norm": 0.3534175813890743}}
{"arm": "MAPR", "round": 43, "actual_transitions": 192, "optimizer_steps": 32, "parameters": {"count": 89090, "norm": 34.95677958144672, "max_abs": 0.9279161191046965, "rms": 0.11711619029131569, "displacement_norm": 8.938995398776298, "relative_displacement": 0.2683040233703127}}
{"arm": "DIRECT", "round": 43, "actual_transitions": 192, "optimizer_steps": 32, "parameters": {"count": 148739, "norm": 40.19693132432376, "max_abs": 0.9438505867025678, "rms": 0.1042270560839403, "displacement_norm": 9.041134973830808, "relative_displacement": 0.2339093731074391, "residual_parameter_norm": 20.801522456346948, "residual_output_parameter_norm": 0.364315167286708}}
{"arm": "MAPR", "round": 44, "actual_transitions": 192, "optimizer_steps": 32, "parameters": {"count": 89090, "norm": 34.978161774948234, "max_abs": 0.9281313732507303, "rms": 0.11718782735493978, "displacement_norm": 8.994285553278372, "relative_displacement": 0.26996355783071796}}
{"arm": "DIRECT", "round": 44, "actual_transitions": 192, "optimizer_steps": 32, "parameters": {"count": 148739, "norm": 40.22715547907812, "max_abs": 0.9486107683538924, "rms": 0.10430542462026603, "displacement_norm": 9.144496549948764, "relative_displacement": 0.2365835109831735, "residual_parameter_norm": 20.822998219726458, "residual_output_parameter_norm": 0.36748055634489796}}
{"arm": "MAPR", "round": 45, "actual_transitions": 192, "optimizer_steps": 32, "parameters": {"count": 89090, "norm": 34.99437935768998, "max_abs": 0.9283678434282636, "rms": 0.11724216135049628, "displacement_norm": 9.041883811364539, "relative_displacement": 0.271392219954393}}
{"arm": "DIRECT", "round": 45, "actual_transitions": 192, "optimizer_steps": 32, "parameters": {"count": 148739, "norm": 40.25740549004689, "max_abs": 0.9542868197845066, "rms": 0.10438386019944851, "displacement_norm": 9.242889903162903, "relative_displacement": 0.23912911257355726, "residual_parameter_norm": 20.851882475791875, "residual_output_parameter_norm": 0.37667337857102345}}
{"arm": "MAPR", "round": 46, "actual_transitions": 192, "optimizer_steps": 32, "parameters": {"count": 89090, "norm": 35.022620326831564, "max_abs": 0.928360316994367, "rms": 0.11733677746661449, "displacement_norm": 9.127131377254862, "relative_displacement": 0.273950926373912}}
{"arm": "DIRECT", "round": 46, "actual_transitions": 192, "optimizer_steps": 32, "parameters": {"count": 148739, "norm": 40.289577739791724, "max_abs": 0.9609590318586664, "rms": 0.1044672799722527, "displacement_norm": 9.34210231616341, "relative_displacement": 0.2416959046186485, "residual_parameter_norm": 20.883390726157536, "residual_output_parameter_norm": 0.3842390443220912}}
{"arm": "MAPR", "round": 47, "actual_transitions": 192, "optimizer_steps": 32, "parameters": {"count": 89090, "norm": 35.045574055248125, "max_abs": 0.9288075498790215, "rms": 0.11741367966576774, "displacement_norm": 9.18901538157147, "relative_displacement": 0.27580837529291297}}
{"arm": "DIRECT", "round": 47, "actual_transitions": 192, "optimizer_steps": 32, "parameters": {"count": 148739, "norm": 40.31236437808111, "max_abs": 0.9653802271854992, "rms": 0.10452636369204689, "displacement_norm": 9.4193370938502, "relative_displacement": 0.24369409826171437, "residual_parameter_norm": 20.9018932540427, "residual_output_parameter_norm": 0.3868846493416533}}
{"arm": "MAPR", "round": 48, "actual_transitions": 192, "optimizer_steps": 32, "parameters": {"count": 89090, "norm": 35.0466761560083, "max_abs": 0.9273966677928563, "rms": 0.11741737204944537, "displacement_norm": 9.188293019468226, "relative_displacement": 0.275786693588204}}
{"arm": "DIRECT", "round": 48, "actual_transitions": 192, "optimizer_steps": 32, "parameters": {"count": 148739, "norm": 40.35155166349432, "max_abs": 0.9656049205635242, "rms": 0.10462797282637572, "displacement_norm": 9.53306269089037, "relative_displacement": 0.24663637079574163, "residual_parameter_norm": 20.915613271617527, "residual_output_parameter_norm": 0.3916318223339494}}
{"arm": "MAPR", "round": 49, "actual_transitions": 192, "optimizer_steps": 32, "parameters": {"count": 89090, "norm": 35.089752730048225, "max_abs": 0.9284245628943603, "rms": 0.11756169210131409, "displacement_norm": 9.320613840708612, "relative_displacement": 0.2797583041697823}}
{"arm": "DIRECT", "round": 49, "actual_transitions": 192, "optimizer_steps": 32, "parameters": {"count": 148739, "norm": 40.37523845115852, "max_abs": 0.965420055159966, "rms": 0.10468939055317696, "displacement_norm": 9.614610695053448, "relative_displacement": 0.2487461548645737, "residual_parameter_norm": 20.932448407704438, "residual_output_parameter_norm": 0.39735162268489577}}
{"arm": "MAPR", "round": 50, "actual_transitions": 192, "optimizer_steps": 32, "parameters": {"count": 89090, "norm": 35.11404295003121, "max_abs": 0.9278824725703035, "rms": 0.11764307196695982, "displacement_norm": 9.402767761101543, "relative_displacement": 0.28222415479322993}}
{"arm": "DIRECT", "round": 50, "actual_transitions": 192, "optimizer_steps": 32, "parameters": {"count": 148739, "norm": 40.3828600852203, "max_abs": 0.9663406569417151, "rms": 0.10470915277020788, "displacement_norm": 9.638075546405943, "relative_displacement": 0.24935323004770146, "residual_parameter_norm": 20.933437287116348, "residual_output_parameter_norm": 0.39772769073020475}}
{"arm": "MAPR", "round": 51, "actual_transitions": 192, "optimizer_steps": 32, "parameters": {"count": 89090, "norm": 35.13345166034559, "max_abs": 0.9270951398818609, "rms": 0.11770809724210543, "displacement_norm": 9.459106256512197, "relative_displacement": 0.283915155214975}}
{"arm": "DIRECT", "round": 51, "actual_transitions": 192, "optimizer_steps": 32, "parameters": {"count": 148739, "norm": 40.40653175601105, "max_abs": 0.9649474585317495, "rms": 0.10477053130030514, "displacement_norm": 9.711256465113715, "relative_displacement": 0.25124654353853065, "residual_parameter_norm": 20.950258768040122, "residual_output_parameter_norm": 0.4020574802974581}}
{"arm": "MAPR", "round": 52, "actual_transitions": 192, "optimizer_steps": 32, "parameters": {"count": 89090, "norm": 35.161430836567185, "max_abs": 0.9278929239567862, "rms": 0.11780183626972172, "displacement_norm": 9.534632080447603, "relative_displacement": 0.28618206346654446}}
{"arm": "DIRECT", "round": 52, "actual_transitions": 192, "optimizer_steps": 32, "parameters": {"count": 148739, "norm": 40.43268794350953, "max_abs": 0.9657445347750043, "rms": 0.10483835196052793, "displacement_norm": 9.7797111642987, "relative_displacement": 0.2530175817786371, "residual_parameter_norm": 20.970343741187328, "residual_output_parameter_norm": 0.4095193668634712}}
{"arm": "MAPR", "round": 53, "actual_transitions": 192, "optimizer_steps": 32, "parameters": {"count": 89090, "norm": 35.17370860158586, "max_abs": 0.9280887359914072, "rms": 0.11784297063854793, "displacement_norm": 9.575771781457481, "relative_displacement": 0.28741687194431964}}
{"arm": "DIRECT", "round": 53, "actual_transitions": 192, "optimizer_steps": 32, "parameters": {"count": 148739, "norm": 40.455624033448615, "max_abs": 0.961953339142616, "rms": 0.10489782319511398, "displacement_norm": 9.847871901044785, "relative_displacement": 0.25478101471586956, "residual_parameter_norm": 20.991229200407236, "residual_output_parameter_norm": 0.41543311643470165}}
{"arm": "MAPR", "round": 54, "actual_transitions": 192, "optimizer_steps": 32, "parameters": {"count": 89090, "norm": 35.192441901583436, "max_abs": 0.9274467804188972, "rms": 0.11790573307700963, "displacement_norm": 9.646004708101955, "relative_displacement": 0.2895249138384193}}
{"arm": "DIRECT", "round": 54, "actual_transitions": 192, "optimizer_steps": 32, "parameters": {"count": 148739, "norm": 40.48898227508021, "max_abs": 0.9622358983994357, "rms": 0.10498431813905248, "displacement_norm": 9.946674063721648, "relative_displacement": 0.257337192894859, "residual_parameter_norm": 21.009718161561995, "residual_output_parameter_norm": 0.4221655130176736}}
{"arm": "MAPR", "round": 55, "actual_transitions": 192, "optimizer_steps": 32, "parameters": {"count": 89090, "norm": 35.201586729142406, "max_abs": 0.9268475998180735, "rms": 0.1179363711214005, "displacement_norm": 9.675048317966246, "relative_displacement": 0.29039665803697357}}
{"arm": "DIRECT", "round": 55, "actual_transitions": 192, "optimizer_steps": 32, "parameters": {"count": 148739, "norm": 40.49251605910908, "max_abs": 0.9623710758851904, "rms": 0.10499348092571383, "displacement_norm": 9.969437785476169, "relative_displacement": 0.2579261286756657, "residual_parameter_norm": 21.016404926661686, "residual_output_parameter_norm": 0.4211356248285023}}
{"arm": "MAPR", "round": 56, "actual_transitions": 192, "optimizer_steps": 32, "parameters": {"count": 89090, "norm": 35.21174887077277, "max_abs": 0.9274155246878775, "rms": 0.11797041748743306, "displacement_norm": 9.721856477212862, "relative_displacement": 0.29180160533721994}}
{"arm": "DIRECT", "round": 56, "actual_transitions": 192, "optimizer_steps": 32, "parameters": {"count": 148739, "norm": 40.50111180844589, "max_abs": 0.9623721272939421, "rms": 0.10501576893673097, "displacement_norm": 10.00105932367003, "relative_displacement": 0.2587442310706668, "residual_parameter_norm": 21.027331315849246, "residual_output_parameter_norm": 0.4222022949129967}}
{"arm": "MAPR", "round": 57, "actual_transitions": 192, "optimizer_steps": 32, "parameters": {"count": 89090, "norm": 35.224211300343, "max_abs": 0.9269766724080521, "rms": 0.11801217054050359, "displacement_norm": 9.755031179694889, "relative_displacement": 0.29279734431603843}}
{"arm": "DIRECT", "round": 57, "actual_transitions": 192, "optimizer_steps": 32, "parameters": {"count": 148739, "norm": 40.51513896954847, "max_abs": 0.96040642192552, "rms": 0.10505214011380268, "displacement_norm": 10.046619082673045, "relative_displacement": 0.2599229386884788, "residual_parameter_norm": 21.03841139142716, "residual_output_parameter_norm": 0.4215527722522849}}
{"arm": "MAPR", "round": 58, "actual_transitions": 192, "optimizer_steps": 32, "parameters": {"count": 89090, "norm": 35.22963873232541, "max_abs": 0.9269616406395086, "rms": 0.11803035414220991, "displacement_norm": 9.763757216792476, "relative_displacement": 0.2930592563941766}}
{"arm": "DIRECT", "round": 58, "actual_transitions": 192, "optimizer_steps": 32, "parameters": {"count": 148739, "norm": 40.54124313962618, "max_abs": 0.9589996797557354, "rms": 0.10511982589749505, "displacement_norm": 10.116058647507925, "relative_displacement": 0.26171945705994365, "residual_parameter_norm": 21.050038054673458, "residual_output_parameter_norm": 0.4274076573852586}}
{"arm": "MAPR", "round": 59, "actual_transitions": 192, "optimizer_steps": 32, "parameters": {"count": 89090, "norm": 35.243547424525644, "max_abs": 0.926524937466276, "rms": 0.11807695262931112, "displacement_norm": 9.807982340841681, "relative_displacement": 0.29438667387087397}}
{"arm": "DIRECT", "round": 59, "actual_transitions": 192, "optimizer_steps": 32, "parameters": {"count": 148739, "norm": 40.56968088127951, "max_abs": 0.9616218227777966, "rms": 0.10519356242405443, "displacement_norm": 10.190830467593726, "relative_displacement": 0.263653929846048, "residual_parameter_norm": 21.062248284462964, "residual_output_parameter_norm": 0.4350860576767704}}
{"arm": "MAPR", "round": 60, "actual_transitions": 192, "optimizer_steps": 32, "parameters": {"count": 89090, "norm": 35.26335588377778, "max_abs": 0.9262396793958299, "rms": 0.11814331718894529, "displacement_norm": 9.86977235765455, "relative_displacement": 0.29624130175414615}}
{"arm": "DIRECT", "round": 60, "actual_transitions": 192, "optimizer_steps": 32, "parameters": {"count": 148739, "norm": 40.606535365723445, "max_abs": 0.96551291519689, "rms": 0.10528912281362972, "displacement_norm": 10.29052878928485, "relative_displacement": 0.2662332931664867, "residual_parameter_norm": 21.089070680447215, "residual_output_parameter_norm": 0.4452097223494354}}
{"arm": "MAPR", "round": 61, "actual_transitions": 192, "optimizer_steps": 32, "parameters": {"count": 89090, "norm": 35.282438702838704, "max_abs": 0.9263248370750055, "rms": 0.11820725062604083, "displacement_norm": 9.931793482600034, "relative_displacement": 0.29810286634999594}}
{"arm": "DIRECT", "round": 61, "actual_transitions": 192, "optimizer_steps": 32, "parameters": {"count": 148739, "norm": 40.620751081775786, "max_abs": 0.9656517875683187, "rms": 0.10532598289686108, "displacement_norm": 10.329728072557149, "relative_displacement": 0.2672474445759086, "residual_parameter_norm": 21.092352911320624, "residual_output_parameter_norm": 0.4444434904931994}}
{"arm": "MAPR", "round": 62, "actual_transitions": 192, "optimizer_steps": 32, "parameters": {"count": 89090, "norm": 35.320996508922995, "max_abs": 0.9253746952203081, "rms": 0.1183364313860723, "displacement_norm": 10.043532660747047, "relative_displacement": 0.3014567187380439}}
{"arm": "DIRECT", "round": 62, "actual_transitions": 192, "optimizer_steps": 32, "parameters": {"count": 148739, "norm": 40.64164255378255, "max_abs": 0.9620125586573796, "rms": 0.10538015261959333, "displacement_norm": 10.394716522150791, "relative_displacement": 0.2689288051072659, "residual_parameter_norm": 21.10856545105184, "residual_output_parameter_norm": 0.44760722182678664}}
{"arm": "MAPR", "round": 63, "actual_transitions": 192, "optimizer_steps": 32, "parameters": {"count": 89090, "norm": 35.34015555991254, "max_abs": 0.9252991758248325, "rms": 0.11840062022407051, "displacement_norm": 10.091925376263138, "relative_displacement": 0.30290922650827495}}
{"arm": "DIRECT", "round": 63, "actual_transitions": 192, "optimizer_steps": 32, "parameters": {"count": 148739, "norm": 40.65206872499083, "max_abs": 0.9621872717584774, "rms": 0.10540718675119154, "displacement_norm": 10.4261741248915, "relative_displacement": 0.26974266621627935, "residual_parameter_norm": 21.111578397978064, "residual_output_parameter_norm": 0.4453307772452506}}
{"arm": "MAPR", "round": 64, "actual_transitions": 192, "optimizer_steps": 32, "parameters": {"count": 89090, "norm": 35.36142693198008, "max_abs": 0.9247192455733968, "rms": 0.11847188600108566, "displacement_norm": 10.146079958313502, "relative_displacement": 0.3045346767518269}}
{"arm": "DIRECT", "round": 64, "actual_transitions": 192, "optimizer_steps": 32, "parameters": {"count": 148739, "norm": 40.65842667181265, "max_abs": 0.9624038238161682, "rms": 0.10542367233997017, "displacement_norm": 10.441576654084814, "relative_displacement": 0.2701411555606266, "residual_parameter_norm": 21.112230055816728, "residual_output_parameter_norm": 0.44351649862553294}}
{"summary": "temp/directions/variable_n_fleet_churn/b01_seed02_20260905_01/output/summary.json", "complete_wall_seconds": 306.27376686400385, "summary_publication_seconds": 0.007770033000269905, "wall_cap_seconds": 2700, "within_wall_cap": true, "exposure": {"MAPR": {"training_instances": 1, "rounds": 64, "training_episodes": 2048, "joint_transitions": 12288, "optimizer_steps": 2048, "backward_calls": 2048, "collection_forward_calls": 384, "optimizer_forward_calls": 2048, "optimizer_forward_decisions": 49152, "evaluation_forward_calls": 18, "evaluation_episodes": 192, "initial_parameters": {"count": 89090, "norm": 33.31666549941635, "max_abs": 0.9193439370157355, "rms": 0.11162129301443717}, "final_parameters": {"count": 89090, "norm": 35.36142693198008, "max_abs": 0.9247192455733968, "rms": 0.11847188600108566, "displacement_norm": 10.146079958313502, "relative_displacement": 0.3045346767518269}}, "DIRECT": {"training_instances": 1, "rounds": 64, "training_episodes": 2048, "joint_transitions": 12288, "optimizer_steps": 2048, "backward_calls": 2048, "collection_forward_calls": 384, "optimizer_forward_calls": 2048, "optimizer_forward_decisions": 49152, "evaluation_forward_calls": 18, "evaluation_episodes": 192, "initial_parameters": {"count": 148739, "norm": 38.65229876734371, "max_abs": 0.9193439370157355, "rms": 0.10022196169386131, "residual_parameter_norm": 19.595917942265427, "residual_output_parameter_norm": 0.0}, "final_parameters": {"count": 148739, "norm": 40.65842667181265, "max_abs": 0.9624038238161682, "rms": 0.10542367233997017, "displacement_norm": 10.441576654084814, "relative_displacement": 0.2701411555606266, "residual_parameter_norm": 21.112230055816728, "residual_output_parameter_norm": 0.44351649862553294}}}, "projected_complete_seconds": 328.54953107159236, "complete_projection": {"terms_seconds": {"shared_setup": 8.499549846004811, "shared_training_worlds": 1.7517304318025708, "evaluation_world_generation": 0.04175876399676781, "other_measured_overhead": 0.34146753008826636, "MAPR": 129.53078187030042, "DIRECT": 150.38330526140635, "fixed_BCRH": 37.74674161399889, "publication": 0.2541957539942814}, "per_arm": {"MAPR": {"unit_seconds": {"collect_episode": 0.01640372149995528, "update_round": 1.4566697909904178, "eval_episode": 0.014109862578152388}, "projected_seconds": 129.53078187030042}, "DIRECT": {"unit_seconds": {"collect_episode": 0.01708877987539381, "update_round": 1.759107115009101, "eval_episode": 0.014597024562590377}, "projected_seconds": 150.38330526140635}}, "projected_complete_seconds": 328.54953107159236, "cap_seconds": 2700, "source": "maximum observed unit wall; full/check publication row-ratio scaling includes all six checkpoints", "formula": "shared + sum(2048*collect_episode+64*update_round+192*eval_episode) +64*BCRH_episode+publication", "limitation": "planning estimate from selected N7 sizes; no performance guarantee or additional benchmark"}}
=== Task 'vnfc_b01_seed02_33e08f440_20260905_01' exited with code 0 at 2026-09-06T08:47:18+08:00 (Duration: 307s) ===
