{"status": "PROGRESS", "phase": "selection", "arm": "NEAR_COMMIT", "threshold": -0.05, "completed_native_episodes": 16}
{"status": "PROGRESS", "phase": "selection", "arm": "NEAR_COMMIT", "threshold": -0.05, "completed_native_episodes": 32}
{"status": "PROGRESS", "phase": "selection", "arm": "NEAR_COMMIT", "threshold": -0.05, "completed_native_episodes": 48}
{"status": "PROGRESS", "phase": "selection", "arm": "NEAR_COMMIT", "threshold": -0.05, "completed_native_episodes": 64}
{"status": "PROGRESS", "phase": "selection", "arm": "NEAR_COMMIT", "threshold": 0.0, "completed_native_episodes": 80}
{"status": "PROGRESS", "phase": "selection", "arm": "NEAR_COMMIT", "threshold": 0.0, "completed_native_episodes": 96}
{"status": "PROGRESS", "phase": "selection", "arm": "NEAR_COMMIT", "threshold": 0.0, "completed_native_episodes": 112}
{"status": "PROGRESS", "phase": "selection", "arm": "NEAR_COMMIT", "threshold": 0.0, "completed_native_episodes": 128}
{"status": "PROGRESS", "phase": "selection", "arm": "NEAR_COMMIT", "threshold": 0.05, "completed_native_episodes": 144}
{"status": "PROGRESS", "phase": "selection", "arm": "NEAR_COMMIT", "threshold": 0.05, "completed_native_episodes": 160}
{"status": "PROGRESS", "phase": "selection", "arm": "NEAR_COMMIT", "threshold": 0.05, "completed_native_episodes": 176}
{"status": "PROGRESS", "phase": "selection", "arm": "NEAR_COMMIT", "threshold": 0.05, "completed_native_episodes": 192}
{"status": "PROGRESS", "phase": "selection", "arm": "NEAR_COMMIT", "threshold": 0.1, "completed_native_episodes": 208}
{"status": "PROGRESS", "phase": "selection", "arm": "NEAR_COMMIT", "threshold": 0.1, "completed_native_episodes": 224}
{"status": "PROGRESS", "phase": "selection", "arm": "NEAR_COMMIT", "threshold": 0.1, "completed_native_episodes": 240}
{"status": "PROGRESS", "phase": "selection", "arm": "NEAR_COMMIT", "threshold": 0.1, "completed_native_episodes": 256}
{"status": "PROGRESS", "phase": "selection", "arm": "LONG", "threshold": -0.05, "completed_native_episodes": 272}
{"status": "PROGRESS", "phase": "selection", "arm": "LONG", "threshold": -0.05, "completed_native_episodes": 288}
{"status": "PROGRESS", "phase": "selection", "arm": "LONG", "threshold": -0.05, "completed_native_episodes": 304}
{"status": "PROGRESS", "phase": "selection", "arm": "LONG", "threshold": -0.05, "completed_native_episodes": 320}
{"status": "PROGRESS", "phase": "selection", "arm": "LONG", "threshold": 0.0, "completed_native_episodes": 336}
{"status": "PROGRESS", "phase": "selection", "arm": "LONG", "threshold": 0.0, "completed_native_episodes": 352}
{"status": "PROGRESS", "phase": "selection", "arm": "LONG", "threshold": 0.0, "completed_native_episodes": 368}
{"status": "PROGRESS", "phase": "selection", "arm": "LONG", "threshold": 0.0, "completed_native_episodes": 384}
{"status": "PROGRESS", "phase": "selection", "arm": "LONG", "threshold": 0.05, "completed_native_episodes": 400}
{"status": "PROGRESS", "phase": "selection", "arm": "LONG", "threshold": 0.05, "completed_native_episodes": 416}
{"status": "PROGRESS", "phase": "selection", "arm": "LONG", "threshold": 0.05, "completed_native_episodes": 432}
{"status": "PROGRESS", "phase": "selection", "arm": "LONG", "threshold": 0.05, "completed_native_episodes": 448}
{"status": "PROGRESS", "phase": "selection", "arm": "LONG", "threshold": 0.1, "completed_native_episodes": 464}
{"status": "PROGRESS", "phase": "selection", "arm": "LONG", "threshold": 0.1, "completed_native_episodes": 480}
{"status": "PROGRESS", "phase": "selection", "arm": "LONG", "threshold": 0.1, "completed_native_episodes": 496}
{"status": "PROGRESS", "phase": "selection", "arm": "LONG", "threshold": 0.1, "completed_native_episodes": 512}
{"status": "PROGRESS", "phase": "eval", "arm": "NEAR_COMMIT", "threshold": 0.0, "completed_native_episodes": 16}
{"status": "PROGRESS", "phase": "eval", "arm": "NEAR_COMMIT", "threshold": 0.0, "completed_native_episodes": 32}
{"status": "PROGRESS", "phase": "eval", "arm": "NEAR_COMMIT", "threshold": 0.0, "completed_native_episodes": 48}
{"status": "PROGRESS", "phase": "eval", "arm": "NEAR_COMMIT", "threshold": 0.0, "completed_native_episodes": 64}
{"status": "PROGRESS", "phase": "eval", "arm": "NEAR_COMMIT", "threshold": 0.0, "completed_native_episodes": 80}
{"status": "PROGRESS", "phase": "eval", "arm": "NEAR_COMMIT", "threshold": 0.0, "completed_native_episodes": 96}
{"status": "PROGRESS", "phase": "eval", "arm": "NEAR_COMMIT", "threshold": 0.0, "completed_native_episodes": 112}
{"status": "PROGRESS", "phase": "eval", "arm": "NEAR_COMMIT", "threshold": 0.0, "completed_native_episodes": 128}
{"status": "PROGRESS", "phase": "eval", "arm": "NEAR_COMMIT", "threshold": 0.0, "completed_native_episodes": 144}
{"status": "PROGRESS", "phase": "eval", "arm": "NEAR_COMMIT", "threshold": 0.0, "completed_native_episodes": 160}
{"status": "PROGRESS", "phase": "eval", "arm": "NEAR_COMMIT", "threshold": 0.0, "completed_native_episodes": 176}
{"status": "PROGRESS", "phase": "eval", "arm": "NEAR_COMMIT", "threshold": 0.0, "completed_native_episodes": 192}
{"status": "PROGRESS", "phase": "eval", "arm": "NEAR_COMMIT", "threshold": 0.0, "completed_native_episodes": 208}
{"status": "PROGRESS", "phase": "eval", "arm": "NEAR_COMMIT", "threshold": 0.0, "completed_native_episodes": 224}
{"status": "PROGRESS", "phase": "eval", "arm": "NEAR_COMMIT", "threshold": 0.0, "completed_native_episodes": 240}
{"status": "PROGRESS", "phase": "eval", "arm": "NEAR_COMMIT", "threshold": 0.0, "completed_native_episodes": 256}
{"status": "PROGRESS", "phase": "eval", "arm": "LONG", "threshold": 0.0, "completed_native_episodes": 272}
{"status": "PROGRESS", "phase": "eval", "arm": "LONG", "threshold": 0.0, "completed_native_episodes": 288}
{"status": "PROGRESS", "phase": "eval", "arm": "LONG", "threshold": 0.0, "completed_native_episodes": 304}
{"status": "PROGRESS", "phase": "eval", "arm": "LONG", "threshold": 0.0, "completed_native_episodes": 320}
{"status": "PROGRESS", "phase": "eval", "arm": "LONG", "threshold": 0.0, "completed_native_episodes": 336}
{"status": "PROGRESS", "phase": "eval", "arm": "LONG", "threshold": 0.0, "completed_native_episodes": 352}
{"status": "PROGRESS", "phase": "eval", "arm": "LONG", "threshold": 0.0, "completed_native_episodes": 368}
{"status": "PROGRESS", "phase": "eval", "arm": "LONG", "threshold": 0.0, "completed_native_episodes": 384}
{"status": "PROGRESS", "phase": "eval", "arm": "LONG", "threshold": 0.0, "completed_native_episodes": 400}
{"status": "PROGRESS", "phase": "eval", "arm": "LONG", "threshold": 0.0, "completed_native_episodes": 416}
{"status": "PROGRESS", "phase": "eval", "arm": "LONG", "threshold": 0.0, "completed_native_episodes": 432}
{"status": "PROGRESS", "phase": "eval", "arm": "LONG", "threshold": 0.0, "completed_native_episodes": 448}
{"status": "PROGRESS", "phase": "eval", "arm": "LONG", "threshold": 0.0, "completed_native_episodes": 464}
{"status": "PROGRESS", "phase": "eval", "arm": "LONG", "threshold": 0.0, "completed_native_episodes": 480}
{"status": "PROGRESS", "phase": "eval", "arm": "LONG", "threshold": 0.0, "completed_native_episodes": 496}
{"status": "PROGRESS", "phase": "eval", "arm": "LONG", "threshold": 0.0, "completed_native_episodes": 512}
{"status": "PROGRESS", "phase": "eval", "arm": "ACTIVE_FIRST", "threshold": null, "completed_native_episodes": 528}
{"status": "PROGRESS", "phase": "eval", "arm": "ACTIVE_FIRST", "threshold": null, "completed_native_episodes": 544}
{"status": "PROGRESS", "phase": "eval", "arm": "ACTIVE_FIRST", "threshold": null, "completed_native_episodes": 560}
{"status": "PROGRESS", "phase": "eval", "arm": "ACTIVE_FIRST", "threshold": null, "completed_native_episodes": 576}
{"status": "PROGRESS", "phase": "eval", "arm": "ACTIVE_FIRST", "threshold": null, "completed_native_episodes": 592}
{"status": "PROGRESS", "phase": "eval", "arm": "ACTIVE_FIRST", "threshold": null, "completed_native_episodes": 608}
{"status": "PROGRESS", "phase": "eval", "arm": "ACTIVE_FIRST", "threshold": null, "completed_native_episodes": 624}
{"status": "PROGRESS", "phase": "eval", "arm": "ACTIVE_FIRST", "threshold": null, "completed_native_episodes": 640}
{"status": "PROGRESS", "phase": "eval", "arm": "ACTIVE_FIRST", "threshold": null, "completed_native_episodes": 656}
{"status": "PROGRESS", "phase": "eval", "arm": "ACTIVE_FIRST", "threshold": null, "completed_native_episodes": 672}
{"status": "PROGRESS", "phase": "eval", "arm": "ACTIVE_FIRST", "threshold": null, "completed_native_episodes": 688}
{"status": "PROGRESS", "phase": "eval", "arm": "ACTIVE_FIRST", "threshold": null, "completed_native_episodes": 704}
{"status": "PROGRESS", "phase": "eval", "arm": "ACTIVE_FIRST", "threshold": null, "completed_native_episodes": 720}
{"status": "PROGRESS", "phase": "eval", "arm": "ACTIVE_FIRST", "threshold": null, "completed_native_episodes": 736}
{"status": "PROGRESS", "phase": "eval", "arm": "ACTIVE_FIRST", "threshold": null, "completed_native_episodes": 752}
{"status": "PROGRESS", "phase": "eval", "arm": "ACTIVE_FIRST", "threshold": null, "completed_native_episodes": 768}
