=== Task 'mgtap-cond-b01-8213-20260911' started at 2026-09-12T05:18:20+08:00 ===
{
  "assessed_at": "2026-09-11T21:18:20.378761Z",
  "available_physical_bytes": 15629406208,
  "captured_at": "2026-09-11T21:18:20.378498Z",
  "cgroup_headroom_bytes": null,
  "cgroup_memory_current_bytes": null,
  "cgroup_memory_max_bytes": null,
  "effective_available_bytes": 15629406208,
  "effective_floor_pass": true,
  "failure_reasons": [],
  "measurement_source": "/proc/meminfo",
  "minimum_available_bytes": 4294967296,
  "passed": true,
  "physical_floor_pass": true,
  "schema_version": 1
}
{"status": "COMPLETE", "primary": {"complete": true, "reading": "COND_ADVERSE", "errors": {"COND": [], "DENSE": []}, "J": {"COND": [0.13201905974438616, 0.2804797645449517, 0.24762257194093903, 0.06976983978464868, 0.21252160081935315, 0.19322152126863293, 0.24325612426904494, 0.1732369439480126, 0.2187559235060447, 0.2757694705538962, 0.21457060273376982, 0.15010891799918963, 0.11114443084667744, 0.22127121434824404, 0.1841618737669796, 0.22412113850443785, 0.1677433509220886, 0.2569084872815629, 0.17784016653945445, 0.24164937782797954, 0.17836763016306145, 0.13723057797729438, 0.2506381420283651, 0.1729646823491828, 0.17459566326714807, 0.1720301550785849, 0.19114207587518672, 0.20164191472258083, 0.14415257062899342, 0.2075538152688162, 0.21374762177578535, 0.14924604604322342], "DENSE": [0.18783852382095031, 0.2740451517161458, 0.32391709167736227, 0.08759526285151245, 0.24298005053621258, 0.23142911751227832, 0.2676023297208414, 0.2044643774439117, 0.22242026775796142, 0.2902923620767972, 0.19660600604239836, 0.16761706280182398, 0.13937532823728355, 0.24796621773173808, 0.21726491211906288, 0.27149741112982173, 0.19840837646580467, 0.31551378530578145, 0.18676440059516042, 0.3107553646218395, 0.18853676316630982, 0.15344495523459906, 0.2794796144967546, 0.218776242705512, 0.14815711514426566, 0.19524827291828928, 0.18685508729191022, 0.21400116951958004, 0.14597019054761626, 0.22238583426975106, 0.24487808912295367, 0.12642289233649964]}, "episode_ids": {"COND": [0, 1, 2, 3, 4, 5, 6, 7, 8, 9, 10, 11, 12, 13, 14, 15, 16, 17, 18, 19, 20, 21, 22, 23, 24, 25, 26, 27, 28, 29, 30, 31], "DENSE": [0, 1, 2, 3, 4, 5, 6, 7, 8, 9, 10, 11, 12, 13, 14, 15, 16, 17, 18, 19, 20, 21, 22, 23, 24, 25, 26, 27, 28, 29, 30, 31]}, "COND_minus_DENSE": {"episode_ids": [0, 1, 2, 3, 4, 5, 6, 7, 8, 9, 10, 11, 12, 13, 14, 15, 16, 17, 18, 19, 20, 21, 22, 23, 24, 25, 26, 27, 28, 29, 30, 31], "differences": [-0.05581946407656416, 0.006434612828805919, -0.07629451973642323, -0.01782542306686377, -0.03045844971685943, -0.03820759624364539, -0.02434620545179647, -0.0312274334958991, -0.0036643442519167235, -0.014522891522900983, 0.01796459669137146, -0.01750814480263435, -0.028230897390606108, -0.026695003383494037, -0.03310303835208328, -0.04737627262538388, -0.030665025543716057, -0.058605298024218544, -0.00892423405570597, -0.06910598679385996, -0.01016913300324837, -0.01621437725730468, -0.02884147246838953, -0.04581156035632919, 0.026438548122882405, -0.023218117839704372, 0.004286988583276502, -0.012359254796999203, -0.001817619918622837, -0.014832019000934865, -0.031130467347168317, 0.022823153706723776], "complete": true, "mean": -0.02246957345594415, "conditional_se": 0.004312411137154014}}}
MGTAP_NATIVE_WALL_SECONDS=358.11
MGTAP_NATIVE_PEAK_RSS_KIB=558784
MGTAP_NATIVE_EXIT=0
=== Task 'mgtap-cond-b01-8213-20260911' exited with code 0 at 2026-09-12T05:24:18+08:00 (Duration: 358s) ===
