{
  "assessed_at": "2026-09-07T03:38:48.623549Z",
  "available_physical_bytes": 15658602496,
  "captured_at": "2026-09-07T03:38:48.623223Z",
  "cgroup_headroom_bytes": null,
  "cgroup_memory_current_bytes": null,
  "cgroup_memory_max_bytes": null,
  "effective_available_bytes": 15658602496,
  "effective_floor_pass": true,
  "failure_reasons": [],
  "measurement_source": "/proc/meminfo",
  "minimum_available_bytes": 4294967296,
  "passed": true,
  "physical_floor_pass": true,
  "schema_version": 1
}
.                                                                        [100%]
=============================== warnings summary ===============================
../../.venvs/hmasd/lib/python3.10/site-packages/_pytest/config/__init__.py:1249
  /home/wu/.venvs/hmasd/lib/python3.10/site-packages/_pytest/config/__init__.py:1249: PytestConfigWarning: Unknown config option: cache_dir
  
    self._warn_or_fail_if_strict(f"Unknown config option: {key}\n")

-- Docs: https://docs.pytest.org/en/stable/how-to/capture-warnings.html
1 passed, 1 warning in 0.79s
