=== Task 'acvc-fresh-dense-b01-8931-dfee6e8a3' started at 2026-09-11T07:42:21+08:00 ===
{
  "assessed_at": "2026-09-10T23:42:21.837024Z",
  "available_physical_bytes": 15633240064,
  "captured_at": "2026-09-10T23:42:21.836737Z",
  "cgroup_headroom_bytes": null,
  "cgroup_memory_current_bytes": null,
  "cgroup_memory_max_bytes": null,
  "effective_available_bytes": 15633240064,
  "effective_floor_pass": true,
  "failure_reasons": [],
  "measurement_source": "/proc/meminfo",
  "minimum_available_bytes": 4294967296,
  "passed": true,
  "physical_floor_pass": true,
  "schema_version": 1
}
{"rollouts": 16, "training_episodes": 32, "optimizer_steps": 64, "process_wall_s": 9.982158979051746}
{"rollouts": 32, "training_episodes": 64, "optimizer_steps": 128, "process_wall_s": 18.04207322106231}
{"rollouts": 48, "training_episodes": 96, "optimizer_steps": 192, "process_wall_s": 26.024194211000577}
{"rollouts": 64, "training_episodes": 128, "optimizer_steps": 256, "process_wall_s": 33.88835762208328}
{"rollouts": 80, "training_episodes": 160, "optimizer_steps": 320, "process_wall_s": 41.666974775027484}
{"rollouts": 96, "training_episodes": 192, "optimizer_steps": 384, "process_wall_s": 49.523867330979556}
{"rollouts": 112, "training_episodes": 224, "optimizer_steps": 448, "process_wall_s": 57.49036164104473}
{"rollouts": 128, "training_episodes": 256, "optimizer_steps": 512, "process_wall_s": 65.64209654706065}
{"rollouts": 144, "training_episodes": 288, "optimizer_steps": 576, "process_wall_s": 73.7070557300467}
{"rollouts": 160, "training_episodes": 320, "optimizer_steps": 640, "process_wall_s": 81.70422002801206}
{"rollouts": 176, "training_episodes": 352, "optimizer_steps": 704, "process_wall_s": 89.63335924001876}
{"rollouts": 192, "training_episodes": 384, "optimizer_steps": 768, "process_wall_s": 97.79217013099696}
{"rollouts": 208, "training_episodes": 416, "optimizer_steps": 832, "process_wall_s": 105.90651333006099}
{"rollouts": 224, "training_episodes": 448, "optimizer_steps": 896, "process_wall_s": 113.99514258198906}
{"rollouts": 240, "training_episodes": 480, "optimizer_steps": 960, "process_wall_s": 122.2013532500714}
{"rollouts": 256, "training_episodes": 512, "optimizer_steps": 1024, "process_wall_s": 130.4273900440894}
{"completed_arm": "C", "evaluation_episodes": 64, "process_wall_s": 140.8006956380559}
{"completed_arm": "F", "evaluation_episodes": 128, "process_wall_s": 153.17132068797946}
{"completed_arm": "dwell", "evaluation_episodes": 192, "process_wall_s": 165.67785987898242}
=== Task 'acvc-fresh-dense-b01-8931-dfee6e8a3' exited with code 0 at 2026-09-11T07:45:07+08:00 (Duration: 166s) ===
