=== Task 'acvc-p79-native-link-loss-8902-4e019ca35' started at 2026-09-09T19:59:10+08:00 ===
{
  "assessed_at": "2026-09-09T11:59:10.378280Z",
  "available_physical_bytes": 15627145216,
  "captured_at": "2026-09-09T11:59:10.378033Z",
  "cgroup_headroom_bytes": null,
  "cgroup_memory_current_bytes": null,
  "cgroup_memory_max_bytes": null,
  "effective_available_bytes": 15627145216,
  "effective_floor_pass": true,
  "failure_reasons": [],
  "measurement_source": "/proc/meminfo",
  "minimum_available_bytes": 4294967296,
  "passed": true,
  "physical_floor_pass": true,
  "schema_version": 1
}
{"arm": "T", "rollouts": 16, "team_steps": 8192, "process_wall_s": 11.413885588990524}
{"arm": "T", "rollouts": 32, "team_steps": 16384, "process_wall_s": 20.584337809996214}
{"arm": "T", "rollouts": 48, "team_steps": 24576, "process_wall_s": 29.69971978897229}
{"arm": "T", "rollouts": 64, "team_steps": 32768, "process_wall_s": 38.686043443973176}
{"arm": "T", "rollouts": 80, "team_steps": 40960, "process_wall_s": 47.90291178197367}
{"arm": "T", "rollouts": 96, "team_steps": 49152, "process_wall_s": 57.130670521990396}
{"arm": "T", "rollouts": 112, "team_steps": 57344, "process_wall_s": 66.1481232449878}
{"arm": "T", "rollouts": 128, "team_steps": 65536, "process_wall_s": 75.21294367901282}
{"arm": "T", "rollouts": 144, "team_steps": 73728, "process_wall_s": 84.51025248598307}
{"arm": "T", "rollouts": 160, "team_steps": 81920, "process_wall_s": 93.64321157499216}
{"arm": "T", "rollouts": 176, "team_steps": 90112, "process_wall_s": 102.60747901699506}
{"arm": "T", "rollouts": 192, "team_steps": 98304, "process_wall_s": 111.89402063097805}
{"arm": "T", "rollouts": 208, "team_steps": 106496, "process_wall_s": 121.0829345479724}
{"arm": "T", "rollouts": 224, "team_steps": 114688, "process_wall_s": 130.0730198819656}
{"arm": "T", "rollouts": 240, "team_steps": 122880, "process_wall_s": 139.2194731879863}
{"arm": "T", "rollouts": 256, "team_steps": 131072, "process_wall_s": 148.6499236189993}
{"completed_arm": "T", "team_steps": 139264, "process_wall_s": 156.9247543339734}
{"arm": "G", "rollouts": 16, "team_steps": 147456, "process_wall_s": 167.06623235001462}
{"arm": "G", "rollouts": 32, "team_steps": 155648, "process_wall_s": 177.41386826400412}
{"arm": "G", "rollouts": 48, "team_steps": 163840, "process_wall_s": 187.59595385496505}
{"arm": "G", "rollouts": 64, "team_steps": 172032, "process_wall_s": 197.65690027398523}
{"arm": "G", "rollouts": 80, "team_steps": 180224, "process_wall_s": 207.89692548499443}
{"arm": "G", "rollouts": 96, "team_steps": 188416, "process_wall_s": 218.1985449399799}
{"arm": "G", "rollouts": 112, "team_steps": 196608, "process_wall_s": 228.10373080399586}
{"arm": "G", "rollouts": 128, "team_steps": 204800, "process_wall_s": 238.17060918197967}
{"arm": "G", "rollouts": 144, "team_steps": 212992, "process_wall_s": 248.47058017697418}
{"arm": "G", "rollouts": 160, "team_steps": 221184, "process_wall_s": 258.3750870199874}
{"arm": "G", "rollouts": 176, "team_steps": 229376, "process_wall_s": 268.5231159980176}
{"arm": "G", "rollouts": 192, "team_steps": 237568, "process_wall_s": 279.0013367480133}
{"arm": "G", "rollouts": 208, "team_steps": 245760, "process_wall_s": 288.8887089060154}
{"arm": "G", "rollouts": 224, "team_steps": 253952, "process_wall_s": 299.0207687409711}
{"arm": "G", "rollouts": 240, "team_steps": 262144, "process_wall_s": 309.39647414698265}
{"arm": "G", "rollouts": 256, "team_steps": 270336, "process_wall_s": 319.359768313996}
{"completed_arm": "G", "team_steps": 278528, "process_wall_s": 328.3441050419933}
{"completed_arm": "C", "team_steps": 286720, "process_wall_s": 333.54525004298193}
{"completed_arm": "F", "team_steps": 294912, "process_wall_s": 339.9659507079632}
=== Task 'acvc-p79-native-link-loss-8902-4e019ca35' exited with code 0 at 2026-09-09T20:05:07+08:00 (Duration: 357s) ===
