=== Task 'acvc-training-use-b02-c-ac64769f6' started at 2026-09-13T03:36:19+08:00 ===
{
  "assessed_at": "2026-09-12T19:36:19.573388Z",
  "available_physical_bytes": 15631462400,
  "captured_at": "2026-09-12T19:36:19.573120Z",
  "cgroup_headroom_bytes": null,
  "cgroup_memory_current_bytes": null,
  "cgroup_memory_max_bytes": null,
  "effective_available_bytes": 15631462400,
  "effective_floor_pass": true,
  "failure_reasons": [],
  "measurement_source": "/proc/meminfo",
  "minimum_available_bytes": 4294967296,
  "passed": true,
  "physical_floor_pass": true,
  "schema_version": 1
}
{"rollouts": 16, "training_episodes": 32, "optimizer_steps": 64, "process_wall_s": 10.4107139010448}
{"rollouts": 32, "training_episodes": 64, "optimizer_steps": 128, "process_wall_s": 18.332862450974062}
{"rollouts": 48, "training_episodes": 96, "optimizer_steps": 192, "process_wall_s": 26.02739336201921}
{"rollouts": 64, "training_episodes": 128, "optimizer_steps": 256, "process_wall_s": 33.81731131405104}
{"rollouts": 80, "training_episodes": 160, "optimizer_steps": 320, "process_wall_s": 42.9143914229935}
{"rollouts": 96, "training_episodes": 192, "optimizer_steps": 384, "process_wall_s": 51.83396180800628}
{"rollouts": 112, "training_episodes": 224, "optimizer_steps": 448, "process_wall_s": 60.975501392036676}
{"rollouts": 128, "training_episodes": 256, "optimizer_steps": 512, "process_wall_s": 70.04566122707911}
{"rollouts": 144, "training_episodes": 288, "optimizer_steps": 576, "process_wall_s": 79.20968549407553}
{"rollouts": 160, "training_episodes": 320, "optimizer_steps": 640, "process_wall_s": 88.19745067704935}
{"rollouts": 176, "training_episodes": 352, "optimizer_steps": 704, "process_wall_s": 97.34535737300757}
{"rollouts": 192, "training_episodes": 384, "optimizer_steps": 768, "process_wall_s": 106.34940586006269}
{"rollouts": 208, "training_episodes": 416, "optimizer_steps": 832, "process_wall_s": 115.79252206499223}
{"rollouts": 224, "training_episodes": 448, "optimizer_steps": 896, "process_wall_s": 125.2261893840041}
{"rollouts": 240, "training_episodes": 480, "optimizer_steps": 960, "process_wall_s": 134.6569521910278}
{"rollouts": 256, "training_episodes": 512, "optimizer_steps": 1024, "process_wall_s": 143.96050616097637}
{"completed_arm": "F", "evaluation_episodes": 64, "process_wall_s": 158.55999191908631}
=== Task 'acvc-training-use-b02-c-ac64769f6' exited with code 0 at 2026-09-13T03:39:01+08:00 (Duration: 162s) ===
